Microchip MPLAB XC8 Compiler V2.46

Linker command line:

-W-3 \
  --edf=C:\Program Files\Microchip\xc8\v2.46\pic\dat\20240104201356_en.msgs \
  -cn -h+dist/default/debug\Interfacing_Learning.debug.sym \
  --cmf=dist/default/debug\Interfacing_Learning.debug.cmf -z -Q18F4620 \
  -oC:\Users\MOHAME~1\AppData\Local\Temp\xcAs7hs.\driver_tmp_3.o \
  --defsym=__MPLAB_BUILD=1 --fixupoverflow=error \
  -Mdist/default/debug/Interfacing_Learning.debug.map \
  --md=C:\Users\MOHAME~1\AppData\Local\Temp\xcAs7hs.\driver_tmp_0.dat -E1 \
  -ver=XC8 Compiler --acfsm=1493 -ACODE=00h-0FFFFh -ACONST=00h-0FFFFh \
  -ASMALLCONST=01000h-010FFhx240 -AMEDIUMCONST=01000h-0FFFFh \
  -ACOMRAM=01h-07Fh -AABS1=00h-0F7Fh -ABIGRAM=01h-0F7Fh \
  -ARAM=080h-0FFh,0100h-01FFhx14,0F00h-0F7Fh -ABANK0=080h-0FFh \
  -ABANK1=0100h-01FFh -ABANK2=0200h-02FFh -ABANK3=0300h-03FFh \
  -ABANK4=0400h-04FFh -ABANK5=0500h-05FFh -ABANK6=0600h-06FFh \
  -ABANK7=0700h-07FFh -ABANK8=0800h-08FFh -ABANK9=0900h-09FFh \
  -ABANK10=0A00h-0AFFh -ABANK11=0B00h-0BFFh -ABANK12=0C00h-0CFFh \
  -ABANK13=0D00h-0DFFh -ABANK14=0E00h-0EFFh -ABANK15=0F00h-0F7Fh \
  -ASFR=0F80h-0FFFh -ABIGSFR=0F80h-0FFFh -ACONFIG=0300000h-030000Dh \
  -AIDLOC=0200000h-0200007h -AEEDATA=0F00000h-0F003FFh -peeprom_data=EEDATA \
  -preset_vec=00h,intcode=8h,intcodelo,powerup,init -pramtop=01000h \
  -psmallconst=SMALLCONST -pmediumconst=MEDIUMCONST -pconst=CONST \
  -AFARRAM=00h-00h \
  -prdata=COMRAM,nvrram=COMRAM,nvbit=COMRAM,rbss=COMRAM,rbit=COMRAM \
  -pfarbss=FARRAM,fardata=FARRAM,nvFARRAM=FARRAM \
  -pintsave_regs=BIGRAM,bigbss=BIGRAM,bigdata=BIGRAM -pbss=RAM \
  -pidata=CODE,irdata=CODE,ibigdata=CODE,ifardata=CODE -prparam=COMRAM \
  C:\Users\MOHAME~1\AppData\Local\Temp\xcAs7hs.\driver_tmp_9.o \
  dist/default/debug\Interfacing_Learning.debug.o 

Object code version is 3.11

Machine type is 18F4620



                Name                               Link     Load   Length Selector   Space Scale
C:\Users\MOHAME~1\AppData\Local\Temp\xcAs7hs.\driver_tmp_9.o
                config                           300000   300000        E        0       4
                init                                  E        E        4        4       0
                reset_vec                             0        0        4        0       0
dist/default/debug\Interfacing_Learning.debug.o
                intcode                               8        8        6        4       0
                config                           300000   300000        E        0       4
                temp                                 72       72        1        1       1
                smallconst                         1000     1000       40      800       0
                text22                             18C8     18C8        4      820       0
                text21                             18C4     18C4        4      820       0
                text20                             18C0     18C0        4      820       0
                text19                             181E     181E       1C      820       0
                text18                             186E     186E       1A      820       0
                text17                             1854     1854       1A      820       0
                text16                             183A     183A       1A      820       0
                text15                             18A0     18A0        C      820       0
                text14                             1894     1894        C      820       0
                text13                             1690     1690       62      820       0
                text12                             1626     1626       6A      820       0
                text11                             18B6     18B6        A      820       0
                text10                             17A6     17A6       32      820       0
                intcode_body                       1040     1040      2E6      820       0
                text8                              1534     1534       84      820       0
                text7                              17FC     17FC       22      820       0
                text6                              1326     1326      118      820       0
                text5                              143E     143E       F6      820       0
                text4                              16F2     16F2       44      820       0
                text3                              15B8     15B8       6E      820       0
                text2                              1888     1888        C      820       0
                text1                              18AC     18AC        A      820       0
                text0                              17D8     17D8       24      820       0
                cstackCOMRAM                         64       64        E        1       1
                cstackBANK0                          80       80        D       80       1
                dataCOMRAM                            1        1       3A        1       1
                bssCOMRAM                            3B       3B       29        1       1
                cinit                              1770     1770       36      820       0
                nvBANK0                              8D       8D        1       80       1
                idataCOMRAM                        1736     1736       3A      820       0

TOTAL           Name                               Link     Load   Length     Space
        CLASS   CODE           
                intcode                               8        8        6         0
                init                                  E        E        4         0
                reset_vec                             0        0        4         0
                text22                             18C8     18C8        4         0
                text21                             18C4     18C4        4         0
                text20                             18C0     18C0        4         0
                text19                             181E     181E       1C         0
                text18                             186E     186E       1A         0
                text17                             1854     1854       1A         0
                text16                             183A     183A       1A         0
                text15                             18A0     18A0        C         0
                text14                             1894     1894        C         0
                text13                             1690     1690       62         0
                text12                             1626     1626       6A         0
                text11                             18B6     18B6        A         0
                text10                             17A6     17A6       32         0
                intcode_body                       1040     1040      2E6         0
                text8                              1534     1534       84         0
                text7                              17FC     17FC       22         0
                text6                              1326     1326      118         0
                text5                              143E     143E       F6         0
                text4                              16F2     16F2       44         0
                text3                              15B8     15B8       6E         0
                text2                              1888     1888        C         0
                text1                              18AC     18AC        A         0
                text0                              17D8     17D8       24         0
                cinit                              1770     1770       36         0
                idataCOMRAM                        1736     1736       3A         0

        CLASS   CONST          

        CLASS   SMALLCONST     
                smallconst                         1000     1000       40         0

        CLASS   MEDIUMCONST    

        CLASS   COMRAM         
                temp                                 72       72        1         1
                cstackCOMRAM                         64       64        E         1
                dataCOMRAM                            1        1       3A         1
                bssCOMRAM                            3B       3B       29         1

        CLASS   ABS1           

        CLASS   BIGRAM         

        CLASS   RAM            

        CLASS   BANK0          
                cstackBANK0                          80       80        D         1
                nvBANK0                              8D       8D        1         1

        CLASS   BANK1          

        CLASS   BANK2          

        CLASS   BANK3          

        CLASS   BANK4          

        CLASS   BANK5          

        CLASS   BANK6          

        CLASS   BANK7          

        CLASS   BANK8          

        CLASS   BANK9          

        CLASS   BANK10         

        CLASS   BANK11         

        CLASS   BANK12         

        CLASS   BANK13         

        CLASS   BANK14         

        CLASS   BANK15         

        CLASS   SFR            

        CLASS   BIGSFR         

        CLASS   CONFIG         
                config                           300000   300000        E         4

        CLASS   IDLOC          

        CLASS   EEDATA         

        CLASS   FARRAM         

        CLASS   HEAP           

        CLASS   STACK          



SEGMENTS        Name                           Load    Length   Top    Selector   Space  Class

                reset_vec                      000000  000004  000004         0       0  CODE    
                dataCOMRAM                     000001  000072  000073         1       1  COMRAM  
                intcode                        000008  00000A  000012         4       0  CODE    
                cstackBANK0                    000080  00000E  00008E        80       1  BANK0   
                smallconst                     001000  000040  001040       800       0  SMALLCON
                intcode_body                   001040  00088C  0018CC       820       0  CODE    


UNUSED ADDRESS RANGES

        Name                Unused          Largest block    Delta
        BANK0            00008E-0000FF               72
        BANK1            000100-0001FF              100
        BANK10           000A00-000AFF              100
        BANK11           000B00-000BFF              100
        BANK12           000C00-000CFF              100
        BANK13           000D00-000DFF              100
        BANK14           000E00-000EFF              100
        BANK15           000F00-000F7F               80
        BANK2            000200-0002FF              100
        BANK3            000300-0003FF              100
        BANK4            000400-0004FF              100
        BANK5            000500-0005FF              100
        BANK6            000600-0006FF              100
        BANK7            000700-0007FF              100
        BANK8            000800-0008FF              100
        BANK9            000900-0009FF              100
        BIGRAM           000073-00007F                D
                         00008E-000F7F              EF2
        BIGSFR           000F80-000FFF               80
        CODE             000004-000007                4
                         000012-000FFF              FEE
                         0018CC-00FFFF             E734
        COMRAM           000073-00007F                D
        CONST            000004-000007                4
                         000012-000FFF              FEE
                         0018CC-00FFFF             E734
        EEDATA           F00000-F003FF              400
        IDLOC            200000-200007                8
        MEDIUMCONST      0018CC-00FFFF             E734
        RAM              00008E-000F7F              100
        SFR              000F80-000FFF               80
        SMALLCONST       0018CC-00FFFF              100

                                  Symbol Table

RB4_ISR@n                                cstackCOMRAM 000064
RB5_ISR@n                                cstackCOMRAM 000064
RB6_ISR@n                                cstackCOMRAM 000064
RB7_ISR@n                                cstackCOMRAM 000064
TIMER2_INIT@timer                        cstackBANK0  000080
TIMER2_Read_Value@timer                  cstackBANK0  000080
TIMER2_Read_Value@val                    cstackBANK0  000081
_ADCON0bits                              (abs)        000FC2
_ADCON1bits                              (abs)        000FC1
_ADCON2bits                              (abs)        000FC0
_ADRESH                                  (abs)        000FC4
_ADRESL                                  (abs)        000FC3
_EEADR                                   (abs)        000FA9
_EEADRH                                  (abs)        000FAA
_EECON1bits                              (abs)        000FA6
_EECON2                                  (abs)        000FA7
_EEDATA                                  (abs)        000FA8
_Ecu_initialize                          text2        001888
_INT0_INTERRUPTHANDLER                   bssCOMRAM    000059
_INT0_ISR                                text22       0018C8
_INT1_INTERRUPTHANDLER                   bssCOMRAM    000057
_INT1_ISR                                text21       0018C4
_INT2_INTERRUPTHANDLER                   bssCOMRAM    000055
_INT2_ISR                                text20       0018C0
_INTCON2bits                             (abs)        000FF1
_INTCON3bits                             (abs)        000FF0
_INTCONbits                              (abs)        000FF2
_ISR_TIMER0                              bssCOMRAM    000043
_InterruptMangaer                        intcode      000008
_LATA                                    (abs)        000F89
_LATB                                    (abs)        000F8A
_LATC                                    (abs)        000F8B
_LATD                                    (abs)        000F8C
_LATE                                    (abs)        000F8D
_PIE1bits                                (abs)        000F9D
_PIR1bits                                (abs)        000F9E
_PORTA                                   (abs)        000F80
_PORTB                                   (abs)        000F81
_PORTBbits                               (abs)        000F81
_PORTC                                   (abs)        000F82
_PORTD                                   (abs)        000F83
_PORTE                                   (abs)        000F84
_RB4_F                                   dataCOMRAM   000032
_RB4_INTERRUPTHANDLERHIGH                bssCOMRAM    000053
_RB4_INTERRUPTHANDLERLOW                 bssCOMRAM    000051
_RB4_ISR                                 text19       00181E
_RB5_F                                   dataCOMRAM   000031
_RB5_INTERRUPTHANDLERHIGH                bssCOMRAM    00004F
_RB5_INTERRUPTHANDLERLOW                 bssCOMRAM    00004D
_RB5_ISR                                 text18       00186E
_RB6_F                                   dataCOMRAM   000030
_RB6_INTERRUPTHANDLERHIGH                bssCOMRAM    00004B
_RB6_INTERRUPTHANDLERLOW                 bssCOMRAM    000049
_RB6_ISR                                 text17       001854
_RB7_F                                   dataCOMRAM   00002F
_RB7_INTERRUPTHANDLERHIGH                bssCOMRAM    000047
_RB7_INTERRUPTHANDLERLOW                 bssCOMRAM    000045
_RB7_ISR                                 text16       00183A
_T0CONbits                               (abs)        000FD5
_T1CONbits                               (abs)        000FCD
_T2CONbits                               (abs)        000FCA
_TIMER2_INIT                             text8        001534
_TIMER2_Read_Value                       text7        0017FC
_TMR0H                                   (abs)        000FD7
_TMR0L                                   (abs)        000FD6
_TMR0_ISR                                text15       0018A0
_TMR1H                                   (abs)        000FCF
_TMR1L                                   (abs)        000FCE
_TMR1_HANDLER                            bssCOMRAM    00003D
_TMR1_ISR                                text14       001894
_TMR2                                    (abs)        000FCC
_TMR2_HANDLER                            bssCOMRAM    00003B
_TMR2_ISR                                text10       0017A6
_TRISA                                   (abs)        000F92
_TRISB                                   (abs)        000F93
_TRISC                                   (abs)        000F94
_TRISD                                   (abs)        000F95
_TRISE                                   (abs)        000F96
__HRAM                                   (abs)        000000
__H__absolute__                          __absolute__ 000000
__Habs1                                  abs1         000000
__Hbank0                                 bank0        000000
__Hbank1                                 bank1        000000
__Hbank10                                bank10       000000
__Hbank11                                bank11       000000
__Hbank12                                bank12       000000
__Hbank13                                bank13       000000
__Hbank14                                bank14       000000
__Hbank15                                bank15       000000
__Hbank2                                 bank2        000000
__Hbank3                                 bank3        000000
__Hbank4                                 bank4        000000
__Hbank5                                 bank5        000000
__Hbank6                                 bank6        000000
__Hbank7                                 bank7        000000
__Hbank8                                 bank8        000000
__Hbank9                                 bank9        000000
__Hbigbss                                bigbss       000000
__Hbigdata                               bigdata      000000
__Hbigram                                bigram       000000
__Hbigsfr                                bigsfr       000000
__Hbss                                   bss          000000
__HbssCOMRAM                             bssCOMRAM    000000
__Hcinit                                 cinit        000000
__Hclrtext                               clrtext      000000
__Hcomram                                comram       000000
__Hconfig                                config       30000E
__Hconst                                 const        000000
__HcstackBANK0                           cstackBANK0  000000
__HcstackCOMRAM                          cstackCOMRAM 000000
__Hdata                                  data         000000
__HdataCOMRAM                            dataCOMRAM   000000
__Heeprom_data                           eeprom_data  000000
__Hfarbss                                farbss       000000
__Hfardata                               fardata      000000
__Hheap                                  heap         000000
__Hibigdata                              ibigdata     000000
__Hidata                                 idata        000000
__HidataCOMRAM                           idataCOMRAM  000000
__Hidloc                                 idloc        000000
__Hifardata                              ifardata     000000
__Hinit                                  init         000012
__Hintcode                               intcode      00000E
__Hintcode_body                          intcode_body 000000
__Hintcodelo                             intcodelo    00000E
__Hintentry                              intentry     000000
__Hintret                                intret       000000
__Hintsave_regs                          intsave_regs 000000
__Hirdata                                irdata       000000
__Hmediumconst                           mediumconst  000000
__HnvBANK0                               nvBANK0      000000
__HnvFARRAM                              nvFARRAM     000000
__Hnvbit                                 nvbit        000000
__Hnvrram                                nvrram       000000
__Hparam                                 rparam       000000
__Hpowerup                               powerup      00000E
__Hram                                   ram          000000
__Hramtop                                ramtop       001000
__Hrbit                                  rbit         000000
__Hrbss                                  rbss         000000
__Hrdata                                 rdata        000000
__Hreset_vec                             reset_vec    000004
__Hrparam                                rparam       000000
__Hsfr                                   sfr          000000
__Hsivt_hi                               sivt_hi      000000
__Hsivt_lo                               sivt_lo      000000
__Hsmallconst                            smallconst   001040
__Hspace_0                               (abs)        0018CC
__Hspace_1                               (abs)        00008E
__Hspace_2                               (abs)        000000
__Hspace_4                               (abs)        60000E
__Hstack                                 stack        000000
__Hstruct                                struct       000000
__Htemp                                  temp         000073
__Htext                                  text         000000
__Htext0                                 text0        000000
__Htext1                                 text1        000000
__Htext10                                text10       000000
__Htext11                                text11       000000
__Htext12                                text12       000000
__Htext13                                text13       000000
__Htext14                                text14       000000
__Htext15                                text15       000000
__Htext16                                text16       000000
__Htext17                                text17       000000
__Htext18                                text18       000000
__Htext19                                text19       000000
__Htext2                                 text2        000000
__Htext20                                text20       000000
__Htext21                                text21       000000
__Htext22                                text22       000000
__Htext3                                 text3        000000
__Htext4                                 text4        000000
__Htext5                                 text5        000000
__Htext6                                 text6        000000
__Htext7                                 text7        000000
__Htext8                                 text8        000000
__LRAM                                   (abs)        000001
__L__absolute__                          __absolute__ 000000
__Labs1                                  abs1         000000
__Lbank0                                 bank0        000000
__Lbank1                                 bank1        000000
__Lbank10                                bank10       000000
__Lbank11                                bank11       000000
__Lbank12                                bank12       000000
__Lbank13                                bank13       000000
__Lbank14                                bank14       000000
__Lbank15                                bank15       000000
__Lbank2                                 bank2        000000
__Lbank3                                 bank3        000000
__Lbank4                                 bank4        000000
__Lbank5                                 bank5        000000
__Lbank6                                 bank6        000000
__Lbank7                                 bank7        000000
__Lbank8                                 bank8        000000
__Lbank9                                 bank9        000000
__Lbigbss                                bigbss       000000
__Lbigdata                               bigdata      000000
__Lbigram                                bigram       000000
__Lbigsfr                                bigsfr       000000
__Lbss                                   bss          000000
__LbssCOMRAM                             bssCOMRAM    000000
__Lcinit                                 cinit        000000
__Lclrtext                               clrtext      000000
__Lcomram                                comram       000000
__Lconfig                                config       000000
__Lconst                                 const        000000
__LcstackBANK0                           cstackBANK0  000000
__LcstackCOMRAM                          cstackCOMRAM 000000
__Ldata                                  data         000000
__LdataCOMRAM                            dataCOMRAM   000000
__Leeprom_data                           eeprom_data  000000
__Lfarbss                                farbss       000000
__Lfardata                               fardata      000000
__Lheap                                  heap         000000
__Libigdata                              ibigdata     000000
__Lidata                                 idata        000000
__LidataCOMRAM                           idataCOMRAM  000000
__Lidloc                                 idloc        000000
__Lifardata                              ifardata     000000
__Linit                                  init         00000E
__Lintcode                               intcode      000008
__Lintcode_body                          intcode_body 000000
__Lintcodelo                             intcodelo    00000E
__Lintentry                              intentry     000000
__Lintret                                intret       000000
__Lintsave_regs                          intsave_regs 000000
__Lirdata                                irdata       000000
__Lmediumconst                           mediumconst  000000
__LnvBANK0                               nvBANK0      000000
__LnvFARRAM                              nvFARRAM     000000
__Lnvbit                                 nvbit        000000
__Lnvrram                                nvrram       000000
__Lparam                                 rparam       000000
__Lpowerup                               powerup      00000E
__Lram                                   ram          000000
__Lramtop                                ramtop       001000
__Lrbit                                  rbit         000000
__Lrbss                                  rbss         000000
__Lrdata                                 rdata        000000
__Lreset_vec                             reset_vec    000000
__Lrparam                                rparam       000000
__Lsfr                                   sfr          000000
__Lsivt_hi                               sivt_hi      000000
__Lsivt_lo                               sivt_lo      000000
__Lsmallconst                            smallconst   001000
__Lspace_0                               (abs)        000000
__Lspace_1                               (abs)        000000
__Lspace_2                               (abs)        000000
__Lspace_4                               (abs)        000000
__Lstack                                 stack        000000
__Lstruct                                struct       000000
__Ltemp                                  temp         000072
__Ltext                                  text         000000
__Ltext0                                 text0        000000
__Ltext1                                 text1        000000
__Ltext10                                text10       000000
__Ltext11                                text11       000000
__Ltext12                                text12       000000
__Ltext13                                text13       000000
__Ltext14                                text14       000000
__Ltext15                                text15       000000
__Ltext16                                text16       000000
__Ltext17                                text17       000000
__Ltext18                                text18       000000
__Ltext19                                text19       000000
__Ltext2                                 text2        000000
__Ltext20                                text20       000000
__Ltext21                                text21       000000
__Ltext22                                text22       000000
__Ltext3                                 text3        000000
__Ltext4                                 text4        000000
__Ltext5                                 text5        000000
__Ltext6                                 text6        000000
__Ltext7                                 text7        000000
__Ltext8                                 text8        000000
__S0                                     (abs)        0018CC
__S1                                     (abs)        00008E
__S4                                     (abs)        000000
__S5                                     (abs)        000000
___heap_hi                               (abs)        000000
___heap_lo                               (abs)        000000
___inthi_sp                              stack        000000
___inthi_stack_hi                        stack        000000
___inthi_stack_lo                        stack        000000
___intlo_sp                              stack        000000
___intlo_stack_hi                        stack        000000
___intlo_stack_lo                        stack        000000
___param_bank                            (abs)        000000
___rparam_used                           (abs)        000001
___sp                                    stack        000000
___stack_hi                              stack        000000
___stack_lo                              stack        000000
__accesstop                              (abs)        000080
__activetblptr                           (abs)        000003
__end_of_Ecu_initialize                  text2        001894
__end_of_INT0_ISR                        text22       0018CC
__end_of_INT1_ISR                        text21       0018C8
__end_of_INT2_ISR                        text20       0018C4
__end_of_InterruptMangaer                intcode_body 001326
__end_of_RB4_ISR                         text19       00183A
__end_of_RB5_ISR                         text18       001888
__end_of_RB6_ISR                         text17       00186E
__end_of_RB7_ISR                         text16       001854
__end_of_TIMER2_INIT                     text8        0015B8
__end_of_TIMER2_Read_Value               text7        00181E
__end_of_TMR0_ISR                        text15       0018AC
__end_of_TMR1_ISR                        text14       0018A0
__end_of_TMR2_ISR                        text10       0017D8
__end_of__initialization                 cinit        00179C
__end_of_application_initialize          text1        0018B6
__end_of_customChar                      smallconst   001039
__end_of_customChar2                     smallconst   001031
__end_of_customChar3                     smallconst   001029
__end_of_customChar4                     smallconst   001021
__end_of_customChar5                     smallconst   001019
__end_of_customChar6                     smallconst   001011
__end_of_customChar7                     smallconst   001009
__end_of_gpio_pin_direction_intialize    text6        00143E
__end_of_gpio_pin_initialize             text4        001736
__end_of_gpio_pin_toggle_logic           text13       0016F2
__end_of_gpio_pin_write_logic            text5        001534
__end_of_isr                             text11       0018C0
__end_of_led_initialize                  text3        001626
__end_of_led_turn_toggle                 text12       001690
__end_of_main                            text0        0017FC
__initialization                         cinit        001770
__mediumconst                            mediumconst  000000
__pbssCOMRAM                             bssCOMRAM    00003B
__pcinit                                 cinit        001770
__pcstackBANK0                           cstackBANK0  000080
__pcstackCOMRAM                          cstackCOMRAM 000064
__pdataCOMRAM                            dataCOMRAM   000001
__pidataCOMRAM                           idataCOMRAM  001736
__pintcode                               intcode      000008
__pintcode_body                          intcode_body 001040
__pnvBANK0                               nvBANK0      00008D
__psmallconst                            smallconst   001000
__ptext0                                 text0        0017D8
__ptext1                                 text1        0018AC
__ptext10                                text10       0017A6
__ptext11                                text11       0018B6
__ptext12                                text12       001626
__ptext13                                text13       001690
__ptext14                                text14       001894
__ptext15                                text15       0018A0
__ptext16                                text16       00183A
__ptext17                                text17       001854
__ptext18                                text18       00186E
__ptext19                                text19       00181E
__ptext2                                 text2        001888
__ptext20                                text20       0018C0
__ptext21                                text21       0018C4
__ptext22                                text22       0018C8
__ptext3                                 text3        0015B8
__ptext4                                 text4        0016F2
__ptext5                                 text5        00143E
__ptext6                                 text6        001326
__ptext7                                 text7        0017FC
__ptext8                                 text8        001534
__ramtop                                 ramtop       001000
__smallconst                             smallconst   001000
_application_initialize                  text1        0018AC
_customChar                              smallconst   001031
_customChar2                             smallconst   001029
_customChar3                             smallconst   001021
_customChar4                             smallconst   001019
_customChar5                             smallconst   001011
_customChar6                             smallconst   001009
_customChar7                             smallconst   001001
_gpio_pin_direction_intialize            text6        001326
_gpio_pin_initialize                     text4        0016F2
_gpio_pin_toggle_logic                   text13       001690
_gpio_pin_write_logic                    text5        00143E
_isr                                     text11       0018B6
_keypad_values                           dataCOMRAM   000001
_lat_registers                           dataCOMRAM   00001B
_led1                                    dataCOMRAM   00003A
_led2                                    dataCOMRAM   000034
_led3                                    dataCOMRAM   000033
_led_initialize                          text3        0015B8
_led_turn_toggle                         text12       001626
_main                                    text0        0017D8
_port_registers                          dataCOMRAM   000011
_preload                                 bssCOMRAM    000041
_preval                                  bssCOMRAM    00003F
_preval@hal_timer2$F2345                 bssCOMRAM    00005B
_ret                                     nvBANK0      00008D
_timer                                   dataCOMRAM   000035
_tris_registers                          dataCOMRAM   000025
_value                                   bssCOMRAM    000063
btemp                                    temp         000072
end_of_initialization                    cinit        00179C
gpio_pin_direction_intialize@_pin_config cstackBANK0  000080
gpio_pin_direction_intialize@ret         cstackBANK0  000086
gpio_pin_initialize@_pin_config          cstackBANK0  000088
gpio_pin_initialize@ret                  cstackBANK0  000089
gpio_pin_toggle_logic@_pin_config        cstackCOMRAM 000064
gpio_pin_write_logic@_pin_config         cstackBANK0  000080
gpio_pin_write_logic@logic               cstackBANK0  000081
gpio_pin_write_logic@ret                 cstackBANK0  000087
int$flags                                temp         000072
int_func                                 intcode_body 001040
intlevel0                                text         000000
intlevel1                                text         000000
intlevel2                                text         000000
intlevel3                                text         000000
isa$std                                  (abs)        000001
isa$xinst                                (abs)        000000
led_initialize@F3062                     bssCOMRAM    000062
led_initialize@led                       cstackBANK0  00008A
led_initialize@pin_obj                   cstackBANK0  00008C
led_turn_off@F3072                       bssCOMRAM    000060
led_turn_on@F3067                        bssCOMRAM    000061
led_turn_toggle@F3077                    bssCOMRAM    00005F
led_turn_toggle@led                      cstackCOMRAM 000069
led_turn_toggle@pin_obj                  cstackCOMRAM 00006B
relay_initialization@F3055               bssCOMRAM    00005E
relay_turn_off@F3065                     bssCOMRAM    00005C
relay_turn_on@F3060                      bssCOMRAM    00005D
stackhi                                  (abs)        000000
stacklo                                  (abs)        000000
start                                    init         00000E
start_initialization                     cinit        001770
ttemp5                                   temp         000073
ttemp6                                   temp         000076
ttemp7                                   temp         00007A
wtemp8                                   temp         000073


MODULE INFORMATION

Module		Function		Class		Link	Load	Size
MCAL_Layer/TIMERS/TIMER0/hal_timer0.c
		_TMR0_ISR      		CODE           	18A0	0000	12

MCAL_Layer/TIMERS/TIMER0/hal_timer0.c estimated size: 12

ECU_Layer/ECU_LAYER.c
		_Ecu_initialize		CODE           	1888	0000	12

ECU_Layer/ECU_LAYER.c estimated size: 12

shared
		_customChar    		SMALLCONST     	1031	0000	8
		_customChar2   		SMALLCONST     	1029	0000	8
		_customChar3   		SMALLCONST     	1021	0000	8
		_customChar4   		SMALLCONST     	1019	0000	8
		_customChar5   		SMALLCONST     	1011	0000	8
		_customChar6   		SMALLCONST     	1009	0000	8
		_customChar7   		SMALLCONST     	1001	0000	8
		__initialization		CODE           	1770	0000	44

shared estimated size: 100

MCAL_Layer/Interrupt/mcal_external_interrupt.c
		_RB4_ISR       		CODE           	181E	0000	28
		_RB5_ISR       		CODE           	186E	0000	26
		_RB6_ISR       		CODE           	1854	0000	26
		_RB7_ISR       		CODE           	183A	0000	26
		_INT0_ISR      		CODE           	18C8	0000	4
		_INT1_ISR      		CODE           	18C4	0000	4
		_INT2_ISR      		CODE           	18C0	0000	4

MCAL_Layer/Interrupt/mcal_external_interrupt.c estimated size: 118

MCAL_Layer/Interrupt/mcal_interrupt_manager.c
		_InterruptMangaer		CODE           	0008	0000	748

MCAL_Layer/Interrupt/mcal_interrupt_manager.c estimated size: 748

MCAL_Layer/GPIO/hal_gpio.c
		_gpio_pin_write_logic		CODE           	143E	0000	246
		_gpio_pin_direction_intialize		CODE           	1326	0000	280
		_gpio_pin_toggle_logic		CODE           	1690	0000	98
		_gpio_pin_initialize		CODE           	16F2	0000	68

MCAL_Layer/GPIO/hal_gpio.c estimated size: 692

ECU_Layer/LED/ecu_led.c
		_led_turn_toggle		CODE           	1626	0000	106
		_led_initialize		CODE           	15B8	0000	110

ECU_Layer/LED/ecu_led.c estimated size: 216

MCAL_Layer/TIMERS/TIMER2/hal_timer2.c
		_TMR2_ISR      		CODE           	17A6	0000	50
		_TIMER2_INIT   		CODE           	1534	0000	132
		_TIMER2_Read_Value		CODE           	17FC	0000	34

MCAL_Layer/TIMERS/TIMER2/hal_timer2.c estimated size: 216

MCAL_Layer/TIMERS/TIMER1/hal_timer1.c
		_TMR1_ISR      		CODE           	1894	0000	12

MCAL_Layer/TIMERS/TIMER1/hal_timer1.c estimated size: 12

application.c
		_application_initialize		CODE           	18AC	0000	10
		_main          		CODE           	17D8	0000	36
		_isr           		CODE           	18B6	0000	10

application.c estimated size: 56

