Microchip MPLAB XC8 Compiler V2.46

Linker command line:

-W-3 \
  --edf=C:\Program Files\Microchip\xc8\v2.46\pic\dat\20240104201356_en.msgs \
  -cn -h+dist/default/debug\Interfacing_Learning.debug.sym \
  --cmf=dist/default/debug\Interfacing_Learning.debug.cmf -z -Q18F4620 \
  -oC:\Users\MOHAME~1\AppData\Local\Temp\xcAsfc8.\driver_tmp_3.o \
  --defsym=__MPLAB_BUILD=1 --fixupoverflow=error \
  -Mdist/default/debug/Interfacing_Learning.debug.map \
  --md=C:\Users\MOHAME~1\AppData\Local\Temp\xcAsfc8.\driver_tmp_0.dat -E1 \
  -ver=XC8 Compiler --acfsm=1493 -ACODE=00h-0FFFFh -ACONST=00h-0FFFFh \
  -ASMALLCONST=01000h-010FFhx240 -AMEDIUMCONST=01000h-0FFFFh \
  -ACOMRAM=01h-07Fh -AABS1=00h-0F7Fh -ABIGRAM=01h-0F7Fh \
  -ARAM=080h-0FFh,0100h-01FFhx14,0F00h-0F7Fh -ABANK0=080h-0FFh \
  -ABANK1=0100h-01FFh -ABANK2=0200h-02FFh -ABANK3=0300h-03FFh \
  -ABANK4=0400h-04FFh -ABANK5=0500h-05FFh -ABANK6=0600h-06FFh \
  -ABANK7=0700h-07FFh -ABANK8=0800h-08FFh -ABANK9=0900h-09FFh \
  -ABANK10=0A00h-0AFFh -ABANK11=0B00h-0BFFh -ABANK12=0C00h-0CFFh \
  -ABANK13=0D00h-0DFFh -ABANK14=0E00h-0EFFh -ABANK15=0F00h-0F7Fh \
  -ASFR=0F80h-0FFFh -ABIGSFR=0F80h-0FFFh -ACONFIG=0300000h-030000Dh \
  -AIDLOC=0200000h-0200007h -AEEDATA=0F00000h-0F003FFh -peeprom_data=EEDATA \
  -preset_vec=00h,intcode=8h,intcodelo,powerup,init -pramtop=01000h \
  -psmallconst=SMALLCONST -pmediumconst=MEDIUMCONST -pconst=CONST \
  -AFARRAM=00h-00h \
  -prdata=COMRAM,nvrram=COMRAM,nvbit=COMRAM,rbss=COMRAM,rbit=COMRAM \
  -pfarbss=FARRAM,fardata=FARRAM,nvFARRAM=FARRAM \
  -pintsave_regs=BIGRAM,bigbss=BIGRAM,bigdata=BIGRAM -pbss=RAM \
  -pidata=CODE,irdata=CODE,ibigdata=CODE,ifardata=CODE -prparam=COMRAM \
  C:\Users\MOHAME~1\AppData\Local\Temp\xcAsfc8.\driver_tmp_9.o \
  dist/default/debug\Interfacing_Learning.debug.o 

Object code version is 3.11

Machine type is 18F4620



                Name                               Link     Load   Length Selector   Space Scale
C:\Users\MOHAME~1\AppData\Local\Temp\xcAsfc8.\driver_tmp_9.o
                config                           300000   300000        E        0       4
                init                                  E        E        4        4       0
                reset_vec                             0        0        4        0       0
dist/default/debug\Interfacing_Learning.debug.o
                intcode                               8        8        6        4       0
                config                           300000   300000        E        0       4
                temp                                 7D       7D        1        1       1
                smallconst                         1000     1000        8      800       0
                text32                             2A00     2A00        4     145E       0
                text31                             29FC     29FC        4     145E       0
                text30                             2A04     2A04        2     145E       0
                text29                             29F8     29F8        4     145E       0
                text28                             29F4     29F4        4     145E       0
                text27                             29F0     29F0        4     145E       0
                text26                             29EC     29EC        4     145E       0
                text25                             2926     2926       1C     145E       0
                text24                             2976     2976       1A     145E       0
                text23                             295C     295C       1A     145E       0
                text22                             2942     2942       1A     145E       0
                text21                             29C0     29C0        C     145E       0
                text20                             29B4     29B4        C     145E       0
                text19                             29DE     29DE        8     145E       0
                text18                             29A8     29A8        C     145E       0
                intcode_body                       1D56     1D56      386      804       0
                text16                             14FC     14FC      4C0      804       0
                text15                             19BC     19BC      39A      804       0
                text14                             23A2     23A2      106      804       0
                text13                             20DC     20DC      1B4      804       0
                text12                             1008     1008      4F4      804       0
                text11                             2598     2598       DE      804       0
                text10                             2676     2676       BA      804       0
                text9                              28BC     28BC       36     145E       0
                text8                              28F2     28F2       34     145E       0
                text7                              2990     2990       18     145E       0
                text6                              2290     2290      112      804       0
                text5                              24A8     24A8       F0      804       0
                text4                              2840     2840       3E      804       0
                text3                              2730     2730       6A      804       0
                text2                              29CC     29CC        A     145E       0
                text1                              29D6     29D6        8     145E       0
                text0                              27FC     27FC       44      804       0
                cstackCOMRAM                          1        1       44        1       1
                cstackBANK0                          C5       C5        2       80       1
                dataBANK0                            80       80       3D       80       1
                bssBANK0                             BD       BD        8       80       1
                dataCOMRAM                           76       76        6        1       1
                bssCOMRAM                            45       45       31        1       1
                cinit                              279A     279A       62      804       0
                nvCOMRAM                             7C       7C        1        1       1
                idataBANK0                         287E     287E       3D      804       0
                idataCOMRAM                        29E6     29E6        6     145E       0

TOTAL           Name                               Link     Load   Length     Space
        CLASS   CODE           
                intcode                               8        8        6         0
                init                                  E        E        4         0
                reset_vec                             0        0        4         0
                text32                             2A00     2A00        4         0
                text31                             29FC     29FC        4         0
                text30                             2A04     2A04        2         0
                text29                             29F8     29F8        4         0
                text28                             29F4     29F4        4         0
                text27                             29F0     29F0        4         0
                text26                             29EC     29EC        4         0
                text25                             2926     2926       1C         0
                text24                             2976     2976       1A         0
                text23                             295C     295C       1A         0
                text22                             2942     2942       1A         0
                text21                             29C0     29C0        C         0
                text20                             29B4     29B4        C         0
                text19                             29DE     29DE        8         0
                text18                             29A8     29A8        C         0
                intcode_body                       1D56     1D56      386         0
                text16                             14FC     14FC      4C0         0
                text15                             19BC     19BC      39A         0
                text14                             23A2     23A2      106         0
                text13                             20DC     20DC      1B4         0
                text12                             1008     1008      4F4         0
                text11                             2598     2598       DE         0
                text10                             2676     2676       BA         0
                text9                              28BC     28BC       36         0
                text8                              28F2     28F2       34         0
                text7                              2990     2990       18         0
                text6                              2290     2290      112         0
                text5                              24A8     24A8       F0         0
                text4                              2840     2840       3E         0
                text3                              2730     2730       6A         0
                text2                              29CC     29CC        A         0
                text1                              29D6     29D6        8         0
                text0                              27FC     27FC       44         0
                cinit                              279A     279A       62         0
                idataBANK0                         287E     287E       3D         0
                idataCOMRAM                        29E6     29E6        6         0

        CLASS   CONST          

        CLASS   SMALLCONST     
                smallconst                         1000     1000        8         0

        CLASS   MEDIUMCONST    

        CLASS   COMRAM         
                temp                                 7D       7D        1         1
                cstackCOMRAM                          1        1       44         1
                dataCOMRAM                           76       76        6         1
                bssCOMRAM                            45       45       31         1
                nvCOMRAM                             7C       7C        1         1

        CLASS   ABS1           

        CLASS   BIGRAM         

        CLASS   RAM            

        CLASS   BANK0          
                cstackBANK0                          C5       C5        2         1
                dataBANK0                            80       80       3D         1
                bssBANK0                             BD       BD        8         1

        CLASS   BANK1          

        CLASS   BANK2          

        CLASS   BANK3          

        CLASS   BANK4          

        CLASS   BANK5          

        CLASS   BANK6          

        CLASS   BANK7          

        CLASS   BANK8          

        CLASS   BANK9          

        CLASS   BANK10         

        CLASS   BANK11         

        CLASS   BANK12         

        CLASS   BANK13         

        CLASS   BANK14         

        CLASS   BANK15         

        CLASS   SFR            

        CLASS   BIGSFR         

        CLASS   CONFIG         
                config                           300000   300000        E         4

        CLASS   IDLOC          

        CLASS   EEDATA         

        CLASS   FARRAM         

        CLASS   HEAP           

        CLASS   STACK          



SEGMENTS        Name                           Load    Length   Top    Selector   Space  Class

                reset_vec                      000000  000004  000004         0       0  CODE    
                cstackCOMRAM                   000001  00007D  00007E         1       1  COMRAM  
                intcode                        000008  00000A  000012         4       0  CODE    
                dataBANK0                      000080  000047  0000C7        80       1  BANK0   
                smallconst                     001000  000008  001008       800       0  SMALLCON
                text12                         001008  0018B3  0028BB       804       0  CODE    
                text9                          0028BC  00014A  002A06      145E       0  CODE    


UNUSED ADDRESS RANGES

        Name                Unused          Largest block    Delta
        BANK0            0000C7-0000FF               39
        BANK1            000100-0001FF              100
        BANK10           000A00-000AFF              100
        BANK11           000B00-000BFF              100
        BANK12           000C00-000CFF              100
        BANK13           000D00-000DFF              100
        BANK14           000E00-000EFF              100
        BANK15           000F00-000F7F               80
        BANK2            000200-0002FF              100
        BANK3            000300-0003FF              100
        BANK4            000400-0004FF              100
        BANK5            000500-0005FF              100
        BANK6            000600-0006FF              100
        BANK7            000700-0007FF              100
        BANK8            000800-0008FF              100
        BANK9            000900-0009FF              100
        BIGRAM           00007E-00007F                2
                         0000C7-000F7F              EB9
        BIGSFR           000F80-000FFF               80
        CODE             000004-000007                4
                         000012-000FFF              FEE
                         0028BB-0028BB                1
                         002A06-00FFFF             D5FA
        COMRAM           00007E-00007F                2
        CONST            000004-000007                4
                         000012-000FFF              FEE
                         0028BB-0028BB                1
                         002A06-00FFFF             D5FA
        EEDATA           F00000-F003FF              400
        IDLOC            200000-200007                8
        MEDIUMCONST      0028BB-0028BB                1
                         002A06-00FFFF             D5FA
        RAM              0000C7-000F7F              100
        SFR              000F80-000FFF               80
        SMALLCONST       0028BB-0028BB                1
                         002A06-00FFFF              100

                                  Symbol Table

?___fladd                                 cstackCOMRAM 000029
?___fldiv                                 cstackCOMRAM 000010
?___fltol                                 cstackCOMRAM 000002
?___xxtofl                                cstackCOMRAM 000002
ESUART_ASYNC_BAUD_RATE@baud_temp          cstackCOMRAM 00003C
ESUART_ASYNC_BAUD_RATE@usart              cstackCOMRAM 000039
ESUART_ASYNC_INIT@usart                   cstackCOMRAM 000044
ESUART_ASYNC_READ_BYTE_BLOCKING@data      cstackCOMRAM 000002
ESUART_ASYNC_RX_INIT@usart                cstackCOMRAM 000002
ESUART_ASYNC_TX_INIT@usart                cstackCOMRAM 000002
ESUART_ASYNC_WRITE_BYTE_BLOCKING@data     cstackCOMRAM 000002
RB4_ISR@n                                 cstackCOMRAM 000001
RB5_ISR@n                                 cstackCOMRAM 000001
RB6_ISR@n                                 cstackCOMRAM 000001
RB7_ISR@n                                 cstackCOMRAM 000001
_ADCON0bits                               (abs)        000FC2
_ADCON1bits                               (abs)        000FC1
_ADCON2bits                               (abs)        000FC0
_ADRESH                                   (abs)        000FC4
_ADRESL                                   (abs)        000FC3
_BAUDCONbits                              (abs)        000FB8
_CCP1CONbits                              (abs)        000FBD
_CCP1_ISR                                 text32       002A00
_CCP2CONbits                              (abs)        000FBA
_CCP2_ISR                                 text31       0029FC
_CCPR1L                                   (abs)        000FBE
_CCPR2L                                   (abs)        000FBB
_EEADR                                    (abs)        000FA9
_EEADRH                                   (abs)        000FAA
_EECON1bits                               (abs)        000FA6
_EECON2                                   (abs)        000FA7
_EEDATA                                   (abs)        000FA8
_ESUART_ASYNC_BAUD_RATE                   text12       001008
_ESUART_ASYNC_BAUD_RATE$4510              cstackCOMRAM 000040
_ESUART_ASYNC_INIT                        text9        0028BC
_ESUART_ASYNC_READ_BYTE_BLOCKING          text8        0028F2
_ESUART_ASYNC_RX_INIT                     text11       002598
_ESUART_ASYNC_TX_INIT                     text10       002676
_ESUART_ASYNC_WRITE_BYTE_BLOCKING         text7        002990
_EUSART_FramingErrorHandler               bssBANK0     0000BF
_EUSART_OverrunErrorHandler               bssBANK0     0000BD
_EUSART_RX_ISR                            text30       002A04
_EUSART_RxInterruptHandler                bssBANK0     0000C1
_EUSART_TX_ISR                            text29       0029F8
_EUSART_TxInterruptHandler                bssBANK0     0000C3
_Ecu_initialize                           text2        0029CC
_INT0_INTERRUPTHANDLER                    bssCOMRAM    000067
_INT0_ISR                                 text28       0029F4
_INT1_INTERRUPTHANDLER                    bssCOMRAM    000065
_INT1_ISR                                 text27       0029F0
_INT2_INTERRUPTHANDLER                    bssCOMRAM    000063
_INT2_ISR                                 text26       0029EC
_INTCON2bits                              (abs)        000FF1
_INTCON3bits                              (abs)        000FF0
_INTCONbits                               (abs)        000FF2
_ISR_TIMER0                               bssCOMRAM    000051
_InterruptMangaer                         intcode      000008
_Interrupt_Handler_CCP1                   bssCOMRAM    00006B
_Interrupt_Handler_CCP2                   bssCOMRAM    000069
_LATA                                     (abs)        000F89
_LATB                                     (abs)        000F8A
_LATC                                     (abs)        000F8B
_LATD                                     (abs)        000F8C
_LATE                                     (abs)        000F8D
_PIE1bits                                 (abs)        000F9D
_PIE2bits                                 (abs)        000FA0
_PIR1bits                                 (abs)        000F9E
_PIR2bits                                 (abs)        000FA1
_PORTA                                    (abs)        000F80
_PORTB                                    (abs)        000F81
_PORTBbits                                (abs)        000F81
_PORTC                                    (abs)        000F82
_PORTD                                    (abs)        000F83
_PORTE                                    (abs)        000F84
_PR2                                      (abs)        000FCB
_RB4_F                                    dataCOMRAM   000079
_RB4_INTERRUPTHANDLERHIGH                 bssCOMRAM    000061
_RB4_INTERRUPTHANDLERLOW                  bssCOMRAM    00005F
_RB4_ISR                                  text25       002926
_RB5_F                                    dataCOMRAM   000078
_RB5_INTERRUPTHANDLERHIGH                 bssCOMRAM    00005D
_RB5_INTERRUPTHANDLERLOW                  bssCOMRAM    00005B
_RB5_ISR                                  text24       002976
_RB6_F                                    dataCOMRAM   000077
_RB6_INTERRUPTHANDLERHIGH                 bssCOMRAM    000059
_RB6_INTERRUPTHANDLERLOW                  bssCOMRAM    000057
_RB6_ISR                                  text23       00295C
_RB7_F                                    dataCOMRAM   000076
_RB7_INTERRUPTHANDLERHIGH                 bssCOMRAM    000055
_RB7_INTERRUPTHANDLERLOW                  bssCOMRAM    000053
_RB7_ISR                                  text22       002942
_RCREG                                    (abs)        000FAE
_RCSTAbits                                (abs)        000FAB
_SPBRG                                    (abs)        000FAF
_SPBRGH                                   (abs)        000FB0
_T0CONbits                                (abs)        000FD5
_T1CONbits                                (abs)        000FCD
_T2CONbits                                (abs)        000FCA
_T3CONbits                                (abs)        000FB1
_TMR0H                                    (abs)        000FD7
_TMR0L                                    (abs)        000FD6
_TMR0_ISR                                 text21       0029C0
_TMR1H                                    (abs)        000FCF
_TMR1L                                    (abs)        000FCE
_TMR1_HANDLER                             bssCOMRAM    00004B
_TMR1_ISR                                 text20       0029B4
_TMR2                                     (abs)        000FCC
_TMR2_HANDLER                             bssCOMRAM    000049
_TMR2_ISR                                 text19       0029DE
_TMR3H                                    (abs)        000FB3
_TMR3L                                    (abs)        000FB2
_TMR3_HANDLER                             bssCOMRAM    000045
_TMR3_ISR                                 text18       0029A8
_TRISA                                    (abs)        000F92
_TRISB                                    (abs)        000F93
_TRISC                                    (abs)        000F94
_TRISCbits                                (abs)        000F94
_TRISD                                    (abs)        000F95
_TRISE                                    (abs)        000F96
_TXREG                                    (abs)        000FAD
_TXSTAbits                                (abs)        000FAC
__HRAM                                    (abs)        000000
__H__absolute__                           __absolute__ 000000
__Habs1                                   abs1         000000
__Hbank0                                  bank0        000000
__Hbank1                                  bank1        000000
__Hbank10                                 bank10       000000
__Hbank11                                 bank11       000000
__Hbank12                                 bank12       000000
__Hbank13                                 bank13       000000
__Hbank14                                 bank14       000000
__Hbank15                                 bank15       000000
__Hbank2                                  bank2        000000
__Hbank3                                  bank3        000000
__Hbank4                                  bank4        000000
__Hbank5                                  bank5        000000
__Hbank6                                  bank6        000000
__Hbank7                                  bank7        000000
__Hbank8                                  bank8        000000
__Hbank9                                  bank9        000000
__Hbigbss                                 bigbss       000000
__Hbigdata                                bigdata      000000
__Hbigram                                 bigram       000000
__Hbigsfr                                 bigsfr       000000
__Hbss                                    bss          000000
__HbssBANK0                               bssBANK0     000000
__HbssCOMRAM                              bssCOMRAM    000000
__Hcinit                                  cinit        000000
__Hclrtext                                clrtext      000000
__Hcomram                                 comram       000000
__Hconfig                                 config       30000E
__Hconst                                  const        000000
__HcstackBANK0                            cstackBANK0  000000
__HcstackCOMRAM                           cstackCOMRAM 000000
__Hdata                                   data         000000
__HdataBANK0                              dataBANK0    000000
__HdataCOMRAM                             dataCOMRAM   000000
__Heeprom_data                            eeprom_data  000000
__Hfarbss                                 farbss       000000
__Hfardata                                fardata      000000
__Hheap                                   heap         000000
__Hibigdata                               ibigdata     000000
__Hidata                                  idata        000000
__HidataBANK0                             idataBANK0   000000
__HidataCOMRAM                            idataCOMRAM  000000
__Hidloc                                  idloc        000000
__Hifardata                               ifardata     000000
__Hinit                                   init         000012
__Hintcode                                intcode      00000E
__Hintcode_body                           intcode_body 000000
__Hintcodelo                              intcodelo    00000E
__Hintentry                               intentry     000000
__Hintret                                 intret       000000
__Hintsave_regs                           intsave_regs 000000
__Hirdata                                 irdata       000000
__Hmediumconst                            mediumconst  000000
__HnvCOMRAM                               nvCOMRAM     000000
__HnvFARRAM                               nvFARRAM     000000
__Hnvbit                                  nvbit        000000
__Hnvrram                                 nvrram       000000
__Hparam                                  rparam       000000
__Hpowerup                                powerup      00000E
__Hram                                    ram          000000
__Hramtop                                 ramtop       001000
__Hrbit                                   rbit         000000
__Hrbss                                   rbss         000000
__Hrdata                                  rdata        000000
__Hreset_vec                              reset_vec    000004
__Hrparam                                 rparam       000000
__Hsfr                                    sfr          000000
__Hsivt_hi                                sivt_hi      000000
__Hsivt_lo                                sivt_lo      000000
__Hsmallconst                             smallconst   001008
__Hspace_0                                (abs)        002A06
__Hspace_1                                (abs)        0000C7
__Hspace_2                                (abs)        000000
__Hspace_4                                (abs)        60000E
__Hstack                                  stack        000000
__Hstruct                                 struct       000000
__Htemp                                   temp         00007E
__Htext                                   text         000000
__Htext0                                  text0        000000
__Htext1                                  text1        000000
__Htext10                                 text10       000000
__Htext11                                 text11       000000
__Htext12                                 text12       000000
__Htext13                                 text13       000000
__Htext14                                 text14       000000
__Htext15                                 text15       000000
__Htext16                                 text16       000000
__Htext18                                 text18       000000
__Htext19                                 text19       000000
__Htext2                                  text2        000000
__Htext20                                 text20       000000
__Htext21                                 text21       000000
__Htext22                                 text22       000000
__Htext23                                 text23       000000
__Htext24                                 text24       000000
__Htext25                                 text25       000000
__Htext26                                 text26       000000
__Htext27                                 text27       000000
__Htext28                                 text28       000000
__Htext29                                 text29       000000
__Htext3                                  text3        000000
__Htext30                                 text30       000000
__Htext31                                 text31       000000
__Htext32                                 text32       000000
__Htext4                                  text4        000000
__Htext5                                  text5        000000
__Htext6                                  text6        000000
__Htext7                                  text7        000000
__Htext8                                  text8        000000
__Htext9                                  text9        000000
__LRAM                                    (abs)        000001
__L__absolute__                           __absolute__ 000000
__Labs1                                   abs1         000000
__Lbank0                                  bank0        000000
__Lbank1                                  bank1        000000
__Lbank10                                 bank10       000000
__Lbank11                                 bank11       000000
__Lbank12                                 bank12       000000
__Lbank13                                 bank13       000000
__Lbank14                                 bank14       000000
__Lbank15                                 bank15       000000
__Lbank2                                  bank2        000000
__Lbank3                                  bank3        000000
__Lbank4                                  bank4        000000
__Lbank5                                  bank5        000000
__Lbank6                                  bank6        000000
__Lbank7                                  bank7        000000
__Lbank8                                  bank8        000000
__Lbank9                                  bank9        000000
__Lbigbss                                 bigbss       000000
__Lbigdata                                bigdata      000000
__Lbigram                                 bigram       000000
__Lbigsfr                                 bigsfr       000000
__Lbss                                    bss          000000
__LbssBANK0                               bssBANK0     000000
__LbssCOMRAM                              bssCOMRAM    000000
__Lcinit                                  cinit        000000
__Lclrtext                                clrtext      000000
__Lcomram                                 comram       000000
__Lconfig                                 config       000000
__Lconst                                  const        000000
__LcstackBANK0                            cstackBANK0  000000
__LcstackCOMRAM                           cstackCOMRAM 000000
__Ldata                                   data         000000
__LdataBANK0                              dataBANK0    000000
__LdataCOMRAM                             dataCOMRAM   000000
__Leeprom_data                            eeprom_data  000000
__Lfarbss                                 farbss       000000
__Lfardata                                fardata      000000
__Lheap                                   heap         000000
__Libigdata                               ibigdata     000000
__Lidata                                  idata        000000
__LidataBANK0                             idataBANK0   000000
__LidataCOMRAM                            idataCOMRAM  000000
__Lidloc                                  idloc        000000
__Lifardata                               ifardata     000000
__Linit                                   init         00000E
__Lintcode                                intcode      000008
__Lintcode_body                           intcode_body 000000
__Lintcodelo                              intcodelo    00000E
__Lintentry                               intentry     000000
__Lintret                                 intret       000000
__Lintsave_regs                           intsave_regs 000000
__Lirdata                                 irdata       000000
__Lmediumconst                            mediumconst  000000
__LnvCOMRAM                               nvCOMRAM     000000
__LnvFARRAM                               nvFARRAM     000000
__Lnvbit                                  nvbit        000000
__Lnvrram                                 nvrram       000000
__Lparam                                  rparam       000000
__Lpowerup                                powerup      00000E
__Lram                                    ram          000000
__Lramtop                                 ramtop       001000
__Lrbit                                   rbit         000000
__Lrbss                                   rbss         000000
__Lrdata                                  rdata        000000
__Lreset_vec                              reset_vec    000000
__Lrparam                                 rparam       000000
__Lsfr                                    sfr          000000
__Lsivt_hi                                sivt_hi      000000
__Lsivt_lo                                sivt_lo      000000
__Lsmallconst                             smallconst   001000
__Lspace_0                                (abs)        000000
__Lspace_1                                (abs)        000000
__Lspace_2                                (abs)        000000
__Lspace_4                                (abs)        000000
__Lstack                                  stack        000000
__Lstruct                                 struct       000000
__Ltemp                                   temp         00007D
__Ltext                                   text         000000
__Ltext0                                  text0        000000
__Ltext1                                  text1        000000
__Ltext10                                 text10       000000
__Ltext11                                 text11       000000
__Ltext12                                 text12       000000
__Ltext13                                 text13       000000
__Ltext14                                 text14       000000
__Ltext15                                 text15       000000
__Ltext16                                 text16       000000
__Ltext18                                 text18       000000
__Ltext19                                 text19       000000
__Ltext2                                  text2        000000
__Ltext20                                 text20       000000
__Ltext21                                 text21       000000
__Ltext22                                 text22       000000
__Ltext23                                 text23       000000
__Ltext24                                 text24       000000
__Ltext25                                 text25       000000
__Ltext26                                 text26       000000
__Ltext27                                 text27       000000
__Ltext28                                 text28       000000
__Ltext29                                 text29       000000
__Ltext3                                  text3        000000
__Ltext30                                 text30       000000
__Ltext31                                 text31       000000
__Ltext32                                 text32       000000
__Ltext4                                  text4        000000
__Ltext5                                  text5        000000
__Ltext6                                  text6        000000
__Ltext7                                  text7        000000
__Ltext8                                  text8        000000
__Ltext9                                  text9        000000
__S0                                      (abs)        002A06
__S1                                      (abs)        0000C7
__S4                                      (abs)        000000
__S5                                      (abs)        000000
___fladd                                  text16       0014FC
___fladd@a                                cstackCOMRAM 00002D
___fladd@aexp                             cstackCOMRAM 000036
___fladd@b                                cstackCOMRAM 000029
___fladd@bexp                             cstackCOMRAM 000037
___fladd@grs                              cstackCOMRAM 000038
___fladd@signs                            cstackCOMRAM 000035
___fldiv                                  text15       0019BC
___fldiv@a                                cstackCOMRAM 000014
___fldiv@aexp                             cstackCOMRAM 000028
___fldiv@b                                cstackCOMRAM 000010
___fldiv@bexp                             cstackCOMRAM 000027
___fldiv@grs                              cstackCOMRAM 000023
___fldiv@new_exp                          cstackCOMRAM 000021
___fldiv@rem                              cstackCOMRAM 00001C
___fldiv@sign                             cstackCOMRAM 000020
___fltol                                  text14       0023A2
___fltol@exp1                             cstackCOMRAM 00000B
___fltol@f1                               cstackCOMRAM 000002
___fltol@sign1                            cstackCOMRAM 00000A
___heap_hi                                (abs)        000000
___heap_lo                                (abs)        000000
___inthi_sp                               stack        000000
___inthi_stack_hi                         stack        000000
___inthi_stack_lo                         stack        000000
___intlo_sp                               stack        000000
___intlo_stack_hi                         stack        000000
___intlo_stack_lo                         stack        000000
___param_bank                             (abs)        000000
___rparam_used                            (abs)        000001
___sp                                     stack        000000
___stack_hi                               stack        000000
___stack_lo                               stack        000000
___xxtofl                                 text13       0020DC
___xxtofl@arg                             cstackCOMRAM 00000C
___xxtofl@exp                             cstackCOMRAM 00000B
___xxtofl@sign                            cstackCOMRAM 00000A
___xxtofl@val                             cstackCOMRAM 000002
__accesstop                               (abs)        000080
__activetblptr                            (abs)        000003
__end_of_CCP1_ISR                         text32       002A04
__end_of_CCP2_ISR                         text31       002A00
__end_of_ESUART_ASYNC_BAUD_RATE           text12       0014FC
__end_of_ESUART_ASYNC_INIT                text9        0028F2
__end_of_ESUART_ASYNC_READ_BYTE_BLOCKING  text8        002926
__end_of_ESUART_ASYNC_RX_INIT             text11       002676
__end_of_ESUART_ASYNC_TX_INIT             text10       002730
__end_of_ESUART_ASYNC_WRITE_BYTE_BLOCKING text7        0029A8
__end_of_EUSART_RX_ISR                    text30       002A06
__end_of_EUSART_TX_ISR                    text29       0029FC
__end_of_Ecu_initialize                   text2        0029D6
__end_of_INT0_ISR                         text28       0029F8
__end_of_INT1_ISR                         text27       0029F4
__end_of_INT2_ISR                         text26       0029F0
__end_of_InterruptMangaer                 intcode_body 0020DC
__end_of_RB4_ISR                          text25       002942
__end_of_RB5_ISR                          text24       002990
__end_of_RB6_ISR                          text23       002976
__end_of_RB7_ISR                          text22       00295C
__end_of_TMR0_ISR                         text21       0029CC
__end_of_TMR1_ISR                         text20       0029C0
__end_of_TMR2_ISR                         text19       0029E6
__end_of_TMR3_ISR                         text18       0029B4
__end_of___fladd                          text16       0019BC
__end_of___fldiv                          text15       001D56
__end_of___fltol                          text14       0024A8
__end_of___xxtofl                         text13       002290
__end_of__initialization                  cinit        0027F2
__end_of_application_initialize           text1        0029DE
__end_of_gpio_pin_direction_intialize     text6        0023A2
__end_of_gpio_pin_initialize              text4        00287E
__end_of_gpio_pin_write_logic             text5        002598
__end_of_led_initialize                   text3        00279A
__end_of_main                             text0        002840
__initialization                          cinit        00279A
__mediumconst                             mediumconst  000000
__pbssBANK0                               bssBANK0     0000BD
__pbssCOMRAM                              bssCOMRAM    000045
__pcinit                                  cinit        00279A
__pcstackBANK0                            cstackBANK0  0000C5
__pcstackCOMRAM                           cstackCOMRAM 000001
__pdataBANK0                              dataBANK0    000080
__pdataCOMRAM                             dataCOMRAM   000076
__pidataBANK0                             idataBANK0   00287E
__pidataCOMRAM                            idataCOMRAM  0029E6
__pintcode                                intcode      000008
__pintcode_body                           intcode_body 001D56
__pnvCOMRAM                               nvCOMRAM     00007C
__psmallconst                             smallconst   001000
__ptext0                                  text0        0027FC
__ptext1                                  text1        0029D6
__ptext10                                 text10       002676
__ptext11                                 text11       002598
__ptext12                                 text12       001008
__ptext13                                 text13       0020DC
__ptext14                                 text14       0023A2
__ptext15                                 text15       0019BC
__ptext16                                 text16       0014FC
__ptext18                                 text18       0029A8
__ptext19                                 text19       0029DE
__ptext2                                  text2        0029CC
__ptext20                                 text20       0029B4
__ptext21                                 text21       0029C0
__ptext22                                 text22       002942
__ptext23                                 text23       00295C
__ptext24                                 text24       002976
__ptext25                                 text25       002926
__ptext26                                 text26       0029EC
__ptext27                                 text27       0029F0
__ptext28                                 text28       0029F4
__ptext29                                 text29       0029F8
__ptext3                                  text3        002730
__ptext30                                 text30       002A04
__ptext31                                 text31       0029FC
__ptext32                                 text32       002A00
__ptext4                                  text4        002840
__ptext5                                  text5        0024A8
__ptext6                                  text6        002290
__ptext7                                  text7        002990
__ptext8                                  text8        0028F2
__ptext9                                  text9        0028BC
__ramtop                                  ramtop       001000
__smallconst                              smallconst   001000
_application_initialize                   text1        0029D6
_chara                                    bssCOMRAM    000075
_esuart                                   dataBANK0    0000AE
_gpio_pin_direction_intialize             text6        002290
_gpio_pin_initialize                      text4        002840
_gpio_pin_write_logic                     text5        0024A8
_keypad_values                            dataBANK0    000080
_lat_registers                            dataBANK0    00009A
_led1                                     dataCOMRAM   00007B
_led2                                     dataCOMRAM   00007A
_led_initialize                           text3        002730
_main                                     text0        0027FC
_port_registers                           dataBANK0    000090
_preload                                  bssCOMRAM    00004F
_preval                                   bssCOMRAM    00004D
_preval@hal_timer2$F2882                  bssCOMRAM    00006D
_preval@hal_timer3$F3019                  bssCOMRAM    000047
_ret                                      nvCOMRAM     00007C
_tris_registers                           dataBANK0    0000A4
btemp                                     temp         00007D
end_of_initialization                     cinit        0027F2
gpio_pin_direction_intialize@_pin_config  cstackCOMRAM 000002
gpio_pin_direction_intialize@ret          cstackCOMRAM 000008
gpio_pin_initialize@_pin_config           cstackCOMRAM 00000A
gpio_pin_initialize@ret                   cstackCOMRAM 00000B
gpio_pin_write_logic@_pin_config          cstackCOMRAM 000002
gpio_pin_write_logic@logic                cstackCOMRAM 000003
gpio_pin_write_logic@ret                  cstackCOMRAM 000009
int$flags                                 temp         00007D
int_func                                  intcode_body 001D56
intlevel0                                 text         000000
intlevel1                                 text         000000
intlevel2                                 text         000000
intlevel3                                 text         000000
isa$std                                   (abs)        000001
isa$xinst                                 (abs)        000000
led_initialize@F3062                      bssCOMRAM    000074
led_initialize@led                        cstackCOMRAM 00000C
led_initialize@pin_obj                    cstackCOMRAM 00000E
led_turn_off@F3072                        bssCOMRAM    000072
led_turn_on@F3067                         bssCOMRAM    000073
led_turn_toggle@F3077                     bssCOMRAM    000071
relay_initialization@F3055                bssCOMRAM    000070
relay_turn_off@F3065                      bssCOMRAM    00006E
relay_turn_on@F3060                       bssCOMRAM    00006F
stackhi                                   (abs)        000000
stacklo                                   (abs)        000000
start                                     init         00000E
start_initialization                      cinit        00279A
ttemp5                                    temp         00007E
ttemp6                                    temp         000081
ttemp7                                    temp         000085
wtemp8                                    temp         00007E


MODULE INFORMATION

Module		Function		Class		Link	Load	Size
C:\Program Files\Microchip\xc8\v2.46\pic\sources\c99\common\fltol.c
		___fltol       		CODE           	23A2	0000	262

C:\Program Files\Microchip\xc8\v2.46\pic\sources\c99\common\fltol.c estimated size: 262

MCAL_Layer/ESUART/hal_usart.c
		_ESUART_ASYNC_BAUD_RATE		CODE           	1008	0000	1268
		_ESUART_ASYNC_READ_BYTE_BLOCKING		CODE           	28F2	0000	52
		_EUSART_RX_ISR 		CODE           	2A04	0000	2
		_EUSART_TX_ISR 		CODE           	29F8	0000	4
		_ESUART_ASYNC_WRITE_BYTE_BLOCKING		CODE           	2990	0000	24
		_ESUART_ASYNC_INIT		CODE           	28BC	0000	54
		_ESUART_ASYNC_RX_INIT		CODE           	2598	0000	222
		_ESUART_ASYNC_TX_INIT		CODE           	2676	0000	186

MCAL_Layer/ESUART/hal_usart.c estimated size: 1812

MCAL_Layer/TIMERS/TIMER0/hal_timer0.c
		_TMR0_ISR      		CODE           	29C0	0000	12

MCAL_Layer/TIMERS/TIMER0/hal_timer0.c estimated size: 12

C:\Program Files\Microchip\xc8\v2.46\pic\sources\c99\common\xxtofl.c
		___xxtofl      		CODE           	20DC	0000	436

C:\Program Files\Microchip\xc8\v2.46\pic\sources\c99\common\xxtofl.c estimated size: 436

ECU_Layer/ECU_LAYER.c
		_Ecu_initialize		CODE           	29CC	0000	10

ECU_Layer/ECU_LAYER.c estimated size: 10

C:\Program Files\Microchip\xc8\v2.46\pic\sources\c99\common\sprcdiv.c
		___fldiv       		CODE           	19BC	0000	922

C:\Program Files\Microchip\xc8\v2.46\pic\sources\c99\common\sprcdiv.c estimated size: 922

MCAL_Layer/CCP/hal_cpp.c
		_CCP1_ISR      		CODE           	2A00	0000	4
		_CCP2_ISR      		CODE           	29FC	0000	4

MCAL_Layer/CCP/hal_cpp.c estimated size: 8

shared
		__initialization		CODE           	279A	0000	88

shared estimated size: 88

MCAL_Layer/Interrupt/mcal_external_interrupt.c
		_RB4_ISR       		CODE           	2926	0000	28
		_RB5_ISR       		CODE           	2976	0000	26
		_RB6_ISR       		CODE           	295C	0000	26
		_RB7_ISR       		CODE           	2942	0000	26
		_INT0_ISR      		CODE           	29F4	0000	4
		_INT1_ISR      		CODE           	29F0	0000	4
		_INT2_ISR      		CODE           	29EC	0000	4

MCAL_Layer/Interrupt/mcal_external_interrupt.c estimated size: 118

MCAL_Layer/Interrupt/mcal_interrupt_manager.c
		_InterruptMangaer		CODE           	0008	0000	908

MCAL_Layer/Interrupt/mcal_interrupt_manager.c estimated size: 908

MCAL_Layer/GPIO/hal_gpio.c
		_gpio_pin_write_logic		CODE           	24A8	0000	240
		_gpio_pin_direction_intialize		CODE           	2290	0000	274
		_gpio_pin_initialize		CODE           	2840	0000	62

MCAL_Layer/GPIO/hal_gpio.c estimated size: 576

ECU_Layer/LED/ecu_led.c
		_led_initialize		CODE           	2730	0000	106

ECU_Layer/LED/ecu_led.c estimated size: 106

C:\Program Files\Microchip\xc8\v2.46\pic\sources\c99\common\sprcadd.c
		___fladd       		CODE           	14FC	0000	1216

C:\Program Files\Microchip\xc8\v2.46\pic\sources\c99\common\sprcadd.c estimated size: 1216

MCAL_Layer/TIMERS/TIMER3/hal_timer3.c
		_TMR3_ISR      		CODE           	29A8	0000	12

MCAL_Layer/TIMERS/TIMER3/hal_timer3.c estimated size: 12

MCAL_Layer/TIMERS/TIMER2/hal_timer2.c
		_TMR2_ISR      		CODE           	29DE	0000	8

MCAL_Layer/TIMERS/TIMER2/hal_timer2.c estimated size: 8

MCAL_Layer/TIMERS/TIMER1/hal_timer1.c
		_TMR1_ISR      		CODE           	29B4	0000	12

MCAL_Layer/TIMERS/TIMER1/hal_timer1.c estimated size: 12

application.c
		_application_initialize		CODE           	29D6	0000	8
		_main          		CODE           	27FC	0000	68

application.c estimated size: 76

