Microchip MPLAB XC8 Compiler V2.46

Linker command line:

-W-3 \
  --edf=C:\Program Files\Microchip\xc8\v2.46\pic\dat\20240104201356_en.msgs \
  -cn -h+dist/default/production\Interfacing_learning.production.sym \
  --cmf=dist/default/production\Interfacing_learning.production.cmf -z \
  -Q18F4620 -oC:\Users\PC\AppData\Local\Temp\xcAsar0.\driver_tmp_3.o \
  --defsym=__MPLAB_BUILD=1 --fixupoverflow=error \
  -Mdist/default/production/Interfacing_learning.production.map \
  --md=C:\Users\PC\AppData\Local\Temp\xcAsar0.\driver_tmp_0.dat -E1 \
  -ver=XC8 Compiler --acfsm=1493 -ACODE=00h-0FFFFh -ACONST=00h-0FFFFh \
  -ASMALLCONST=01000h-010FFhx240 -AMEDIUMCONST=01000h-0FFFFh \
  -ACOMRAM=01h-07Fh -AABS1=00h-0F7Fh -ABIGRAM=01h-0F7Fh \
  -ARAM=080h-0FFh,0100h-01FFhx14,0F00h-0F7Fh -ABANK0=080h-0FFh \
  -ABANK1=0100h-01FFh -ABANK2=0200h-02FFh -ABANK3=0300h-03FFh \
  -ABANK4=0400h-04FFh -ABANK5=0500h-05FFh -ABANK6=0600h-06FFh \
  -ABANK7=0700h-07FFh -ABANK8=0800h-08FFh -ABANK9=0900h-09FFh \
  -ABANK10=0A00h-0AFFh -ABANK11=0B00h-0BFFh -ABANK12=0C00h-0CFFh \
  -ABANK13=0D00h-0DFFh -ABANK14=0E00h-0EFFh -ABANK15=0F00h-0F7Fh \
  -ASFR=0F80h-0FFFh -ABIGSFR=0F80h-0FFFh -ACONFIG=0300000h-030000Dh \
  -AIDLOC=0200000h-0200007h -AEEDATA=0F00000h-0F003FFh -peeprom_data=EEDATA \
  -preset_vec=00h,intcode,sivt_hi,intcodelo,sivt_lo,powerup,init \
  -pramtop=01000h -psmallconst=SMALLCONST -pmediumconst=MEDIUMCONST \
  -pconst=CONST -AFARRAM=00h-00h \
  -prdata=COMRAM,nvrram=COMRAM,nvbit=COMRAM,rbss=COMRAM,rbit=COMRAM \
  -pfarbss=FARRAM,fardata=FARRAM,nvFARRAM=FARRAM \
  -pintsave_regs=BIGRAM,bigbss=BIGRAM,bigdata=BIGRAM -pbss=RAM \
  -pidata=CODE,irdata=CODE,ibigdata=CODE,ifardata=CODE -prparam=COMRAM \
  C:\Users\PC\AppData\Local\Temp\xcAsar0.\driver_tmp_9.o \
  dist/default/production\Interfacing_learning.production.o 

Object code version is 3.11

Machine type is 18F4620



                Name                               Link     Load   Length Selector   Space Scale
C:\Users\PC\AppData\Local\Temp\xcAsar0.\driver_tmp_9.o
                config                           300000   300000        E        0       4
                init                                  0        0        4        0       0
dist/default/production\Interfacing_learning.production.o
                config                           300000   300000        E        0       4
                smallconst                         1000     1000       48      800       0
                text14                             1048     1048      112      824       0
                text13                             115A     115A       F0      824       0
                text12                             1548     1548       3E      824       0
                text11                             166A     166A       36      AFE       0
                text10                             140A     140A       76      824       0
                text9                              124A     124A       D2      824       0
                text8                              16D2     16D2        A      AFE       0
                text7                              16DC     16DC        8      AFE       0
                text6                              1394     1394       76      824       0
                text5                              131C     131C       78      824       0
                text4                              1586     1586       3C      824       0
                text3                              1480     1480       72      824       0
                text2                              14F2     14F2       56      824       0
                text1                              16A0     16A0       32      AFE       0
                text0                              15FC     15FC       38      AFE       0
                cstackCOMRAM                         3A       3A       1E        1       1
                dataCOMRAM                            1        1       39        1       1
                bssCOMRAM                            58       58        7        1       1
                cinit                              1634     1634       36      AFE       0
                nvCOMRAM                             5F       5F        1        1       1
                idataCOMRAM                        15C2     15C2       39      824       0

TOTAL           Name                               Link     Load   Length     Space
        CLASS   CODE           
                init                                  0        0        4         0
                text14                             1048     1048      112         0
                text13                             115A     115A       F0         0
                text12                             1548     1548       3E         0
                text11                             166A     166A       36         0
                text10                             140A     140A       76         0
                text9                              124A     124A       D2         0
                text8                              16D2     16D2        A         0
                text7                              16DC     16DC        8         0
                text6                              1394     1394       76         0
                text5                              131C     131C       78         0
                text4                              1586     1586       3C         0
                text3                              1480     1480       72         0
                text2                              14F2     14F2       56         0
                text1                              16A0     16A0       32         0
                text0                              15FC     15FC       38         0
                cinit                              1634     1634       36         0
                idataCOMRAM                        15C2     15C2       39         0

        CLASS   CONST          

        CLASS   SMALLCONST     
                smallconst                         1000     1000       48         0

        CLASS   MEDIUMCONST    

        CLASS   COMRAM         
                cstackCOMRAM                         3A       3A       1E         1
                dataCOMRAM                            1        1       39         1
                bssCOMRAM                            58       58        7         1
                nvCOMRAM                             5F       5F        1         1

        CLASS   ABS1           

        CLASS   BIGRAM         

        CLASS   RAM            

        CLASS   BANK0          

        CLASS   BANK1          

        CLASS   BANK2          

        CLASS   BANK3          

        CLASS   BANK4          

        CLASS   BANK5          

        CLASS   BANK6          

        CLASS   BANK7          

        CLASS   BANK8          

        CLASS   BANK9          

        CLASS   BANK10         

        CLASS   BANK11         

        CLASS   BANK12         

        CLASS   BANK13         

        CLASS   BANK14         

        CLASS   BANK15         

        CLASS   SFR            

        CLASS   BIGSFR         

        CLASS   CONFIG         
                config                           300000   300000        E         4

        CLASS   IDLOC          

        CLASS   EEDATA         

        CLASS   FARRAM         

        CLASS   HEAP           

        CLASS   STACK          



SEGMENTS        Name                           Load    Length   Top    Selector   Space  Class

                reset_vec                      000000  000004  000004         0       0  CODE    
                dataCOMRAM                     000001  00005F  000060         1       1  COMRAM  
                smallconst                     001000  000048  001048       800       0  SMALLCON
                text14                         001048  0005B3  0015FB       824       0  CODE    
                text0                          0015FC  0000E8  0016E4       AFE       0  CODE    


UNUSED ADDRESS RANGES

        Name                Unused          Largest block    Delta
        BANK0            000080-0000FF               80
        BANK1            000100-0001FF              100
        BANK10           000A00-000AFF              100
        BANK11           000B00-000BFF              100
        BANK12           000C00-000CFF              100
        BANK13           000D00-000DFF              100
        BANK14           000E00-000EFF              100
        BANK15           000F00-000F7F               80
        BANK2            000200-0002FF              100
        BANK3            000300-0003FF              100
        BANK4            000400-0004FF              100
        BANK5            000500-0005FF              100
        BANK6            000600-0006FF              100
        BANK7            000700-0007FF              100
        BANK8            000800-0008FF              100
        BANK9            000900-0009FF              100
        BIGRAM           000060-000F7F              F20
        BIGSFR           000F80-000FFF               80
        CODE             000004-000FFF              FFC
                         0015FB-0015FB                1
                         0016E4-00FFFF             E91C
        COMRAM           000060-00007F               20
        CONST            000004-000FFF              FFC
                         0015FB-0015FB                1
                         0016E4-00FFFF             E91C
        EEDATA           F00000-F003FF              400
        IDLOC            200000-200007                8
        MEDIUMCONST      0015FB-0015FB                1
                         0016E4-00FFFF             E91C
        RAM              000080-000F7F              100
        SFR              000F80-000FFF               80
        SMALLCONST       0015FB-0015FB                1
                         0016E4-00FFFF              100

                                  Symbol Table

_Ecu_initialize                          text8        0016D2
_LATA                                    (abs)        000F89
_LATB                                    (abs)        000F8A
_LATC                                    (abs)        000F8B
_LATD                                    (abs)        000F8C
_LATE                                    (abs)        000F8D
_PORTA                                   (abs)        000F80
_PORTB                                   (abs)        000F81
_PORTC                                   (abs)        000F82
_PORTD                                   (abs)        000F83
_PORTE                                   (abs)        000F84
_TRISA                                   (abs)        000F92
_TRISB                                   (abs)        000F93
_TRISC                                   (abs)        000F94
_TRISD                                   (abs)        000F95
_TRISE                                   (abs)        000F96
__HRAM                                   (abs)        000000
__H__absolute__                          __absolute__ 000000
__Habs1                                  abs1         000000
__Hbank0                                 bank0        000000
__Hbank1                                 bank1        000000
__Hbank10                                bank10       000000
__Hbank11                                bank11       000000
__Hbank12                                bank12       000000
__Hbank13                                bank13       000000
__Hbank14                                bank14       000000
__Hbank15                                bank15       000000
__Hbank2                                 bank2        000000
__Hbank3                                 bank3        000000
__Hbank4                                 bank4        000000
__Hbank5                                 bank5        000000
__Hbank6                                 bank6        000000
__Hbank7                                 bank7        000000
__Hbank8                                 bank8        000000
__Hbank9                                 bank9        000000
__Hbigbss                                bigbss       000000
__Hbigdata                               bigdata      000000
__Hbigram                                bigram       000000
__Hbigsfr                                bigsfr       000000
__Hbss                                   bss          000000
__HbssCOMRAM                             bssCOMRAM    000000
__Hcinit                                 cinit        000000
__Hclrtext                               clrtext      000000
__Hcomram                                comram       000000
__Hconfig                                config       30000E
__Hconst                                 const        000000
__HcstackCOMRAM                          cstackCOMRAM 000000
__Hdata                                  data         000000
__HdataCOMRAM                            dataCOMRAM   000000
__Heeprom_data                           eeprom_data  000000
__Hfarbss                                farbss       000000
__Hfardata                               fardata      000000
__Hheap                                  heap         000000
__Hibigdata                              ibigdata     000000
__Hidata                                 idata        000000
__HidataCOMRAM                           idataCOMRAM  000000
__Hidloc                                 idloc        000000
__Hifardata                              ifardata     000000
__Hinit                                  init         000004
__Hintcode                               intcode      000000
__Hintcode_body                          intcode_body 000000
__Hintcodelo                             intcodelo    000000
__Hintentry                              intentry     000000
__Hintret                                intret       000000
__Hintsave_regs                          intsave_regs 000000
__Hirdata                                irdata       000000
__Hmediumconst                           mediumconst  000000
__HnvCOMRAM                              nvCOMRAM     000000
__HnvFARRAM                              nvFARRAM     000000
__Hnvbit                                 nvbit        000000
__Hnvrram                                nvrram       000000
__Hparam                                 rparam       000000
__Hpowerup                               powerup      000000
__Hram                                   ram          000000
__Hramtop                                ramtop       001000
__Hrbit                                  rbit         000000
__Hrbss                                  rbss         000000
__Hrdata                                 rdata        000000
__Hreset_vec                             reset_vec    000000
__Hrparam                                rparam       000000
__Hsfr                                   sfr          000000
__Hsivt_hi                               sivt_hi      000000
__Hsivt_lo                               sivt_lo      000000
__Hsmallconst                            smallconst   001048
__Hspace_0                               (abs)        0016E4
__Hspace_1                               (abs)        000060
__Hspace_2                               (abs)        000000
__Hspace_4                               (abs)        60000E
__Hstack                                 stack        000000
__Hstruct                                struct       000000
__Htemp                                  temp         000000
__Htext                                  text         000000
__Htext0                                 text0        000000
__Htext1                                 text1        000000
__Htext10                                text10       000000
__Htext11                                text11       000000
__Htext12                                text12       000000
__Htext13                                text13       000000
__Htext14                                text14       000000
__Htext2                                 text2        000000
__Htext3                                 text3        000000
__Htext4                                 text4        000000
__Htext5                                 text5        000000
__Htext6                                 text6        000000
__Htext7                                 text7        000000
__Htext8                                 text8        000000
__Htext9                                 text9        000000
__LRAM                                   (abs)        000001
__L__absolute__                          __absolute__ 000000
__Labs1                                  abs1         000000
__Lbank0                                 bank0        000000
__Lbank1                                 bank1        000000
__Lbank10                                bank10       000000
__Lbank11                                bank11       000000
__Lbank12                                bank12       000000
__Lbank13                                bank13       000000
__Lbank14                                bank14       000000
__Lbank15                                bank15       000000
__Lbank2                                 bank2        000000
__Lbank3                                 bank3        000000
__Lbank4                                 bank4        000000
__Lbank5                                 bank5        000000
__Lbank6                                 bank6        000000
__Lbank7                                 bank7        000000
__Lbank8                                 bank8        000000
__Lbank9                                 bank9        000000
__Lbigbss                                bigbss       000000
__Lbigdata                               bigdata      000000
__Lbigram                                bigram       000000
__Lbigsfr                                bigsfr       000000
__Lbss                                   bss          000000
__LbssCOMRAM                             bssCOMRAM    000000
__Lcinit                                 cinit        000000
__Lclrtext                               clrtext      000000
__Lcomram                                comram       000000
__Lconfig                                config       000000
__Lconst                                 const        000000
__LcstackCOMRAM                          cstackCOMRAM 000000
__Ldata                                  data         000000
__LdataCOMRAM                            dataCOMRAM   000000
__Leeprom_data                           eeprom_data  000000
__Lfarbss                                farbss       000000
__Lfardata                               fardata      000000
__Lheap                                  heap         000000
__Libigdata                              ibigdata     000000
__Lidata                                 idata        000000
__LidataCOMRAM                           idataCOMRAM  000000
__Lidloc                                 idloc        000000
__Lifardata                              ifardata     000000
__Linit                                  init         000000
__Lintcode                               intcode      000000
__Lintcode_body                          intcode_body 000000
__Lintcodelo                             intcodelo    000000
__Lintentry                              intentry     000000
__Lintret                                intret       000000
__Lintsave_regs                          intsave_regs 000000
__Lirdata                                irdata       000000
__Lmediumconst                           mediumconst  000000
__LnvCOMRAM                              nvCOMRAM     000000
__LnvFARRAM                              nvFARRAM     000000
__Lnvbit                                 nvbit        000000
__Lnvrram                                nvrram       000000
__Lparam                                 rparam       000000
__Lpowerup                               powerup      000000
__Lram                                   ram          000000
__Lramtop                                ramtop       001000
__Lrbit                                  rbit         000000
__Lrbss                                  rbss         000000
__Lrdata                                 rdata        000000
__Lreset_vec                             reset_vec    000000
__Lrparam                                rparam       000000
__Lsfr                                   sfr          000000
__Lsivt_hi                               sivt_hi      000000
__Lsivt_lo                               sivt_lo      000000
__Lsmallconst                            smallconst   001000
__Lspace_0                               (abs)        000000
__Lspace_1                               (abs)        000000
__Lspace_2                               (abs)        000000
__Lspace_4                               (abs)        000000
__Lstack                                 stack        000000
__Lstruct                                struct       000000
__Ltemp                                  temp         000000
__Ltext                                  text         000000
__Ltext0                                 text0        000000
__Ltext1                                 text1        000000
__Ltext10                                text10       000000
__Ltext11                                text11       000000
__Ltext12                                text12       000000
__Ltext13                                text13       000000
__Ltext14                                text14       000000
__Ltext2                                 text2        000000
__Ltext3                                 text3        000000
__Ltext4                                 text4        000000
__Ltext5                                 text5        000000
__Ltext6                                 text6        000000
__Ltext7                                 text7        000000
__Ltext8                                 text8        000000
__Ltext9                                 text9        000000
__S0                                     (abs)        0016E4
__S1                                     (abs)        000060
__S4                                     (abs)        000000
__S5                                     (abs)        000000
___heap_hi                               (abs)        000000
___heap_lo                               (abs)        000000
___inthi_sp                              stack        000000
___inthi_stack_hi                        stack        000000
___inthi_stack_lo                        stack        000000
___intlo_sp                              stack        000000
___intlo_stack_hi                        stack        000000
___intlo_stack_lo                        stack        000000
___param_bank                            (abs)        000000
___rparam_used                           (abs)        000001
___sp                                    stack        000000
___stack_hi                              stack        000000
___stack_lo                              stack        000000
__accesstop                              (abs)        000080
__activetblptr                           (abs)        000002
__end_of_Ecu_initialize                  text8        0016DC
__end_of__initialization                 cinit        001660
__end_of_application_initialize          text7        0016E4
__end_of_customChar                      smallconst   001031
__end_of_customChar2                     smallconst   001029
__end_of_customChar3                     smallconst   001021
__end_of_customChar4                     smallconst   001019
__end_of_customChar5                     smallconst   001011
__end_of_customChar6                     smallconst   001009
__end_of_customChar7                     smallconst   001039
__end_of_enable_signal_8bits             text11       0016A0
__end_of_gpio_pin_direction_intialize    text14       00115A
__end_of_gpio_pin_initialize             text12       001586
__end_of_gpio_pin_write_logic            text13       00124A
__end_of_lcd_8bit_custom_character       text3        0014F2
__end_of_lcd_8bit_initialize             text9        00131C
__end_of_lcd_8bit_send_char              text6        00140A
__end_of_lcd_8bit_send_char_pos          text4        0015C2
__end_of_lcd_8bit_send_command           text10       001480
__end_of_lcd_8bit_send_string            text2        001548
__end_of_lcd_8bit_send_string_pos        text1        0016D2
__end_of_lcd_8bits_set_cursor            text5        001394
__end_of_main                            text0        001634
__initialization                         cinit        001634
__mediumconst                            mediumconst  000000
__pbssCOMRAM                             bssCOMRAM    000058
__pcinit                                 cinit        001634
__pcstackCOMRAM                          cstackCOMRAM 00003A
__pdataCOMRAM                            dataCOMRAM   000001
__pidataCOMRAM                           idataCOMRAM  0015C2
__pnvCOMRAM                              nvCOMRAM     00005F
__psmallconst                            smallconst   001000
__ptext0                                 text0        0015FC
__ptext1                                 text1        0016A0
__ptext10                                text10       00140A
__ptext11                                text11       00166A
__ptext12                                text12       001548
__ptext13                                text13       00115A
__ptext14                                text14       001048
__ptext2                                 text2        0014F2
__ptext3                                 text3        001480
__ptext4                                 text4        001586
__ptext5                                 text5        00131C
__ptext6                                 text6        001394
__ptext7                                 text7        0016DC
__ptext8                                 text8        0016D2
__ptext9                                 text9        00124A
__ramtop                                 ramtop       001000
__smallconst                             smallconst   001000
_application_initialize                  text7        0016DC
_customChar                              smallconst   001029
_customChar2                             smallconst   001021
_customChar3                             smallconst   001019
_customChar4                             smallconst   001011
_customChar5                             smallconst   001009
_customChar6                             smallconst   001001
_customChar7                             smallconst   001031
_enable_signal_8bits                     text11       00166A
_gpio_pin_direction_intialize            text14       001048
_gpio_pin_initialize                     text12       001548
_gpio_pin_write_logic                    text13       00115A
_keypad_values                           dataCOMRAM   000001
_lat_registers                           dataCOMRAM   00001B
_lcd1                                    dataCOMRAM   000030
_lcd_8bit_custom_character               text3        001480
_lcd_8bit_initialize                     text9        00124A
_lcd_8bit_send_char                      text6        001394
_lcd_8bit_send_char_pos                  text4        001586
_lcd_8bit_send_command                   text10       00140A
_lcd_8bit_send_string                    text2        0014F2
_lcd_8bit_send_string_pos                text1        0016A0
_lcd_8bits_set_cursor                    text5        00131C
_led1                                    dataCOMRAM   00002F
_main                                    text0        0015FC
_port_registers                          dataCOMRAM   000011
_ret                                     nvCOMRAM     00005F
_tris_registers                          dataCOMRAM   000025
enable_signal_8bits@lcd                  cstackCOMRAM 000042
end_of_initialization                    cinit        001660
gpio_pin_direction_intialize@_pin_config cstackCOMRAM 00003A
gpio_pin_direction_intialize@ret         cstackCOMRAM 000040
gpio_pin_initialize@_pin_config          cstackCOMRAM 000042
gpio_pin_initialize@ret                  cstackCOMRAM 000043
gpio_pin_write_logic@_pin_config         cstackCOMRAM 00003A
gpio_pin_write_logic@logic               cstackCOMRAM 00003B
gpio_pin_write_logic@ret                 cstackCOMRAM 000041
intlevel0                                text         000000
intlevel1                                text         000000
intlevel2                                text         000000
intlevel3                                text         000000
isa$std                                  (abs)        000001
isa$xinst                                (abs)        000000
lcd_8bit_custom_character@Row            cstackCOMRAM 000052
lcd_8bit_custom_character@chr            cstackCOMRAM 000054
lcd_8bit_custom_character@coloumns       cstackCOMRAM 000053
lcd_8bit_custom_character@counter        cstackCOMRAM 000057
lcd_8bit_custom_character@lcd            cstackCOMRAM 000051
lcd_8bit_custom_character@mempos         cstackCOMRAM 000055
lcd_8bit_initialize@counter              cstackCOMRAM 00004C
lcd_8bit_initialize@lcd                  cstackCOMRAM 000049
lcd_8bit_initialize@ret                  cstackCOMRAM 00004B
lcd_8bit_send_char@_char                 cstackCOMRAM 000044
lcd_8bit_send_char@counter               cstackCOMRAM 000048
lcd_8bit_send_char@lcd                   cstackCOMRAM 000043
lcd_8bit_send_char@ret                   cstackCOMRAM 000047
lcd_8bit_send_char_pos@Row               cstackCOMRAM 00004D
lcd_8bit_send_char_pos@_char             cstackCOMRAM 00004F
lcd_8bit_send_char_pos@coloumns          cstackCOMRAM 00004E
lcd_8bit_send_char_pos@lcd               cstackCOMRAM 00004C
lcd_8bit_send_char_pos@ret               cstackCOMRAM 000050
lcd_8bit_send_command@command            cstackCOMRAM 000044
lcd_8bit_send_command@counter            cstackCOMRAM 000048
lcd_8bit_send_command@lcd                cstackCOMRAM 000043
lcd_8bit_send_command@ret                cstackCOMRAM 000047
lcd_8bit_send_string@lcd                 cstackCOMRAM 000049
lcd_8bit_send_string@ret                 cstackCOMRAM 00004B
lcd_8bit_send_string@str                 cstackCOMRAM 00004A
lcd_8bit_send_string_pos@Row             cstackCOMRAM 00004D
lcd_8bit_send_string_pos@coloumns        cstackCOMRAM 00004E
lcd_8bit_send_string_pos@lcd             cstackCOMRAM 00004C
lcd_8bit_send_string_pos@str             cstackCOMRAM 00004F
lcd_8bits_set_cursor@Rows                cstackCOMRAM 00004A
lcd_8bits_set_cursor@coloumns            cstackCOMRAM 00004B
lcd_8bits_set_cursor@lcd                 cstackCOMRAM 000049
led_initialize@F3062                     bssCOMRAM    00005E
led_turn_off@F3072                       bssCOMRAM    00005C
led_turn_on@F3067                        bssCOMRAM    00005D
led_turn_toggle@F3077                    bssCOMRAM    00005B
relay_initialization@F3055               bssCOMRAM    00005A
relay_turn_off@F3065                     bssCOMRAM    000058
relay_turn_on@F3060                      bssCOMRAM    000059
stackhi                                  (abs)        000000
stacklo                                  (abs)        000000
start                                    init         000000
start_initialization                     cinit        001634


MODULE INFORMATION

Module		Function		Class		Link	Load	Size
ECU_Layer/LCD/ecu_lcd.c
		_enable_signal_8bits		CODE           	166A	0000	54
		_lcd_8bit_custom_character		CODE           	1480	0000	114
		_lcd_8bit_send_char_pos		CODE           	1586	0000	60
		_lcd_8bit_initialize		CODE           	124A	0000	210
		_lcd_8bit_send_string		CODE           	14F2	0000	86
		_lcd_8bits_set_cursor		CODE           	131C	0000	120
		_lcd_8bit_send_command		CODE           	140A	0000	118
		_lcd_8bit_send_string_pos		CODE           	16A0	0000	50
		_lcd_8bit_send_char		CODE           	1394	0000	118

ECU_Layer/LCD/ecu_lcd.c estimated size: 930

ECU_Layer/ECU_LAYER.c
		_Ecu_initialize		CODE           	16D2	0000	10

ECU_Layer/ECU_LAYER.c estimated size: 10

shared
		_customChar    		SMALLCONST     	1029	0000	8
		_customChar2   		SMALLCONST     	1021	0000	8
		_customChar3   		SMALLCONST     	1019	0000	8
		_customChar4   		SMALLCONST     	1011	0000	8
		_customChar5   		SMALLCONST     	1009	0000	8
		_customChar6   		SMALLCONST     	1001	0000	8
		_customChar7   		SMALLCONST     	1031	0000	8
		__initialization		CODE           	1634	0000	44

shared estimated size: 100

MCAL_Layer/GPIO/hal_gpio.c
		_gpio_pin_write_logic		CODE           	115A	0000	240
		_gpio_pin_direction_intialize		CODE           	1048	0000	274
		_gpio_pin_initialize		CODE           	1548	0000	62

MCAL_Layer/GPIO/hal_gpio.c estimated size: 576

application.c
		_application_initialize		CODE           	16DC	0000	8
		_main          		CODE           	15FC	0000	56

application.c estimated size: 64

