Microchip MPLAB XC8 Compiler V2.46

Linker command line:

-W-3 \
  --edf=C:\Program Files\Microchip\xc8\v2.46\pic\dat\20240104201356_en.msgs \
  -cn -h+dist/default/production\Interfacing_Learning.production.sym \
  --cmf=dist/default/production\Interfacing_Learning.production.cmf -z \
  -Q18F4620 -oC:\Users\MOHAME~1\AppData\Local\Temp\xcAskac.\driver_tmp_3.o \
  --defsym=__MPLAB_BUILD=1 --fixupoverflow=error \
  -Mdist/default/production/Interfacing_Learning.production.map \
  --md=C:\Users\MOHAME~1\AppData\Local\Temp\xcAskac.\driver_tmp_0.dat -E1 \
  -ver=XC8 Compiler --acfsm=1493 -ACODE=00h-0FFFFh -ACONST=00h-0FFFFh \
  -ASMALLCONST=01000h-010FFhx240 -AMEDIUMCONST=01000h-0FFFFh \
  -ACOMRAM=01h-07Fh -AABS1=00h-0F7Fh -ABIGRAM=01h-0F7Fh \
  -ARAM=080h-0FFh,0100h-01FFhx14,0F00h-0F7Fh -ABANK0=080h-0FFh \
  -ABANK1=0100h-01FFh -ABANK2=0200h-02FFh -ABANK3=0300h-03FFh \
  -ABANK4=0400h-04FFh -ABANK5=0500h-05FFh -ABANK6=0600h-06FFh \
  -ABANK7=0700h-07FFh -ABANK8=0800h-08FFh -ABANK9=0900h-09FFh \
  -ABANK10=0A00h-0AFFh -ABANK11=0B00h-0BFFh -ABANK12=0C00h-0CFFh \
  -ABANK13=0D00h-0DFFh -ABANK14=0E00h-0EFFh -ABANK15=0F00h-0F7Fh \
  -ASFR=0F80h-0FFFh -ABIGSFR=0F80h-0FFFh -ACONFIG=0300000h-030000Dh \
  -AIDLOC=0200000h-0200007h -AEEDATA=0F00000h-0F003FFh -peeprom_data=EEDATA \
  -preset_vec=00h,intcode=8h,intcodelo,powerup,init -pramtop=01000h \
  -psmallconst=SMALLCONST -pmediumconst=MEDIUMCONST -pconst=CONST \
  -AFARRAM=00h-00h \
  -prdata=COMRAM,nvrram=COMRAM,nvbit=COMRAM,rbss=COMRAM,rbit=COMRAM \
  -pfarbss=FARRAM,fardata=FARRAM,nvFARRAM=FARRAM \
  -pintsave_regs=BIGRAM,bigbss=BIGRAM,bigdata=BIGRAM -pbss=RAM \
  -pidata=CODE,irdata=CODE,ibigdata=CODE,ifardata=CODE -prparam=COMRAM \
  C:\Users\MOHAME~1\AppData\Local\Temp\xcAskac.\driver_tmp_9.o \
  dist/default/production\Interfacing_Learning.production.o 

Object code version is 3.11

Machine type is 18F4620



                Name                               Link     Load   Length Selector   Space Scale
C:\Users\MOHAME~1\AppData\Local\Temp\xcAskac.\driver_tmp_9.o
                config                           300000   300000        E        0       4
                init                                  E        E        4        4       0
                reset_vec                             0        0        4        0       0
dist/default/production\Interfacing_Learning.production.o
                intcode                               8        8        6        4       0
                config                           300000   300000        E        0       4
                temp                                 78       78        1        1       1
                smallconst                         1000     1000        8      800       0
                text27                             19EA     19EA        4      CCE       0
                text26                             19E6     19E6        4      CCE       0
                text25                             19F0     19F0        2      CCE       0
                text24                             19E2     19E2        4      CCE       0
                text23                             19DE     19DE        4      CCE       0
                text22                             19DA     19DA        4      CCE       0
                text21                             19D6     19D6        4      CCE       0
                text20                             19D0     19D0        6      CCE       0
                text19                             18CE     18CE       2E      804       0
                text18                             1920     1920       1C      804       0
                text17                             1970     1970       1A      804       0
                text16                             1956     1956       1A      804       0
                text15                             193C     193C       1A      804       0
                text14                             19B4     19B4        C      CCE       0
                text13                             19A8     19A8        C      CCE       0
                text12                             19C8     19C8        8      CCE       0
                text11                             199C     199C        C      CCE       0
                intcode_body                       1008     1008      3B6      804       0
                text9                              1820     1820       42      804       0
                text8                              154C     154C      10C      804       0
                text7                              13BE     13BE      18E      804       0
                text6                              19EE     19EE        2      CCE       0
                text5                              19C0     19C0        8      CCE       0
                text4                              17D2     17D2       4E      804       0
                text3                              1898     1898       36      804       0
                text2                              1862     1862       36      804       0
                text1                              1780     1780       52      804       0
                text0                              1658     1658       D2      804       0
                cstackCOMRAM                         50       50       16        1       1
                dataBANK0                            80       80       24       80       1
                dataCOMRAM                           66       66       11        1       1
                bssCOMRAM                             1        1       4F        1       1
                cinit                              172A     172A       56      804       0
                nvCOMRAM                             77       77        1        1       1
                idataBANK0                         18FC     18FC       24      804       0
                idataCOMRAM                        198A     198A       11      804       0

TOTAL           Name                               Link     Load   Length     Space
        CLASS   CODE           
                intcode                               8        8        6         0
                init                                  E        E        4         0
                reset_vec                             0        0        4         0
                text27                             19EA     19EA        4         0
                text26                             19E6     19E6        4         0
                text25                             19F0     19F0        2         0
                text24                             19E2     19E2        4         0
                text23                             19DE     19DE        4         0
                text22                             19DA     19DA        4         0
                text21                             19D6     19D6        4         0
                text20                             19D0     19D0        6         0
                text19                             18CE     18CE       2E         0
                text18                             1920     1920       1C         0
                text17                             1970     1970       1A         0
                text16                             1956     1956       1A         0
                text15                             193C     193C       1A         0
                text14                             19B4     19B4        C         0
                text13                             19A8     19A8        C         0
                text12                             19C8     19C8        8         0
                text11                             199C     199C        C         0
                intcode_body                       1008     1008      3B6         0
                text9                              1820     1820       42         0
                text8                              154C     154C      10C         0
                text7                              13BE     13BE      18E         0
                text6                              19EE     19EE        2         0
                text5                              19C0     19C0        8         0
                text4                              17D2     17D2       4E         0
                text3                              1898     1898       36         0
                text2                              1862     1862       36         0
                text1                              1780     1780       52         0
                text0                              1658     1658       D2         0
                cinit                              172A     172A       56         0
                idataBANK0                         18FC     18FC       24         0
                idataCOMRAM                        198A     198A       11         0

        CLASS   CONST          

        CLASS   SMALLCONST     
                smallconst                         1000     1000        8         0

        CLASS   MEDIUMCONST    

        CLASS   COMRAM         
                temp                                 78       78        1         1
                cstackCOMRAM                         50       50       16         1
                dataCOMRAM                           66       66       11         1
                bssCOMRAM                             1        1       4F         1
                nvCOMRAM                             77       77        1         1

        CLASS   ABS1           

        CLASS   BIGRAM         

        CLASS   RAM            

        CLASS   BANK0          
                dataBANK0                            80       80       24         1

        CLASS   BANK1          

        CLASS   BANK2          

        CLASS   BANK3          

        CLASS   BANK4          

        CLASS   BANK5          

        CLASS   BANK6          

        CLASS   BANK7          

        CLASS   BANK8          

        CLASS   BANK9          

        CLASS   BANK10         

        CLASS   BANK11         

        CLASS   BANK12         

        CLASS   BANK13         

        CLASS   BANK14         

        CLASS   BANK15         

        CLASS   SFR            

        CLASS   BIGSFR         

        CLASS   CONFIG         
                config                           300000   300000        E         4

        CLASS   IDLOC          

        CLASS   EEDATA         

        CLASS   FARRAM         

        CLASS   HEAP           

        CLASS   STACK          



SEGMENTS        Name                           Load    Length   Top    Selector   Space  Class

                reset_vec                      000000  000004  000004         0       0  CODE    
                bssCOMRAM                      000001  000078  000079         1       1  COMRAM  
                intcode                        000008  00000A  000012         4       0  CODE    
                dataBANK0                      000080  000024  0000A4        80       1  BANK0   
                smallconst                     001000  000008  001008       800       0  SMALLCON
                intcode_body                   001008  000993  00199B       804       0  CODE    
                text11                         00199C  000056  0019F2       CCE       0  CODE    


UNUSED ADDRESS RANGES

        Name                Unused          Largest block    Delta
        BANK0            0000A4-0000FF               5C
        BANK1            000100-0001FF              100
        BANK10           000A00-000AFF              100
        BANK11           000B00-000BFF              100
        BANK12           000C00-000CFF              100
        BANK13           000D00-000DFF              100
        BANK14           000E00-000EFF              100
        BANK15           000F00-000F7F               80
        BANK2            000200-0002FF              100
        BANK3            000300-0003FF              100
        BANK4            000400-0004FF              100
        BANK5            000500-0005FF              100
        BANK6            000600-0006FF              100
        BANK7            000700-0007FF              100
        BANK8            000800-0008FF              100
        BANK9            000900-0009FF              100
        BIGRAM           000079-00007F                7
                         0000A4-000F7F              EDC
        BIGSFR           000F80-000FFF               80
        CODE             000004-000007                4
                         000012-000FFF              FEE
                         00199B-00199B                1
                         0019F2-00FFFF             E60E
        COMRAM           000079-00007F                7
        CONST            000004-000007                4
                         000012-000FFF              FEE
                         00199B-00199B                1
                         0019F2-00FFFF             E60E
        EEDATA           F00000-F003FF              400
        IDLOC            200000-200007                8
        MEDIUMCONST      00199B-00199B                1
                         0019F2-00FFFF             E60E
        RAM              0000A4-000F7F              100
        SFR              000F80-000FFF               80
        SMALLCONST       00199B-00199B                1
                         0019F2-00FFFF              100

                                  Symbol Table

?___aldiv                                    cstackCOMRAM 000053
MSSP_I2C_INIT@i2c                            cstackCOMRAM 000061
MSSP_I2C_Interrupt_Configurations@i2c        cstackCOMRAM 000053
MSSP_I2C_MASTER_WRITE_BLOCKING@ack           cstackCOMRAM 000055
MSSP_I2C_MASTER_WRITE_BLOCKING@data          cstackCOMRAM 000054
MSSP_I2C_MASTER_WRITE_BLOCKING@i2c           cstackCOMRAM 000053
MSSP_I2C_SEND_START@i2c                      cstackCOMRAM 000053
MSSP_I2C_SEND_STOP@i2c                       cstackCOMRAM 000053
RB4_ISR@n                                    cstackCOMRAM 000050
RB5_ISR@n                                    cstackCOMRAM 000050
RB6_ISR@n                                    cstackCOMRAM 000050
RB7_ISR@n                                    cstackCOMRAM 000050
_ADCON0bits                                  (abs)        000FC2
_ADCON1bits                                  (abs)        000FC1
_ADCON2bits                                  (abs)        000FC0
_ADRESH                                      (abs)        000FC4
_ADRESL                                      (abs)        000FC3
_BAUDCONbits                                 (abs)        000FB8
_CCP1CONbits                                 (abs)        000FBD
_CCP1_ISR                                    text27       0019EA
_CCP2CONbits                                 (abs)        000FBA
_CCP2_ISR                                    text26       0019E6
_CCPR1L                                      (abs)        000FBE
_CCPR2L                                      (abs)        000FBB
_EEADR                                       (abs)        000FA9
_EEADRH                                      (abs)        000FAA
_EECON1bits                                  (abs)        000FA6
_EECON2                                      (abs)        000FA7
_EEDATA                                      (abs)        000FA8
_EUSART_FramingErrorHandler                  bssCOMRAM    000031
_EUSART_OverrunErrorHandler                  bssCOMRAM    00002F
_EUSART_RX_ISR                               text25       0019F0
_EUSART_RxInterruptHandler                   bssCOMRAM    000033
_EUSART_TX_ISR                               text24       0019E2
_EUSART_TxInterruptHandler                   bssCOMRAM    000035
_Ecu_initialize                              text6        0019EE
_I2C_DefaultInterruptHandle                  bssCOMRAM    00002B
_I2C_Report_Receive_Overflow_InterruptHandle bssCOMRAM    000029
_I2C_Report_Write_Collision_InterruptHandler bssCOMRAM    00002D
_INT0_INTERRUPTHANDLER                       bssCOMRAM    000027
_INT0_ISR                                    text23       0019DE
_INT1_INTERRUPTHANDLER                       bssCOMRAM    000025
_INT1_ISR                                    text22       0019DA
_INT2_INTERRUPTHANDLER                       bssCOMRAM    000023
_INT2_ISR                                    text21       0019D6
_INTCON2bits                                 (abs)        000FF1
_INTCON3bits                                 (abs)        000FF0
_INTCONbits                                  (abs)        000FF2
_ISR_TIMER0                                  bssCOMRAM    000011
_InterruptMangaer                            intcode      000008
_Interrupt_Handler_CCP1                      bssCOMRAM    000039
_Interrupt_Handler_CCP2                      bssCOMRAM    000037
_LATA                                        (abs)        000F89
_LATB                                        (abs)        000F8A
_LATC                                        (abs)        000F8B
_LATD                                        (abs)        000F8C
_LATE                                        (abs)        000F8D
_MSSP_I2C_INIT                               text7        0013BE
_MSSP_I2C_ISR                                text19       0018CE
_MSSP_I2C_Interrupt_Configurations           text9        001820
_MSSP_I2C_MASTER_WRITE_BLOCKING              text4        0017D2
_MSSP_I2C_SEND_START                         text3        001898
_MSSP_I2C_SEND_STOP                          text2        001862
_PIE1bits                                    (abs)        000F9D
_PIE2bits                                    (abs)        000FA0
_PIR1bits                                    (abs)        000F9E
_PIR2bits                                    (abs)        000FA1
_PORTA                                       (abs)        000F80
_PORTB                                       (abs)        000F81
_PORTBbits                                   (abs)        000F81
_PORTC                                       (abs)        000F82
_PORTD                                       (abs)        000F83
_PORTE                                       (abs)        000F84
_PR2                                         (abs)        000FCB
_RB4_F                                       dataCOMRAM   000074
_RB4_INTERRUPTHANDLERHIGH                    bssCOMRAM    000021
_RB4_INTERRUPTHANDLERLOW                     bssCOMRAM    00001F
_RB4_ISR                                     text18       001920
_RB5_F                                       dataCOMRAM   000073
_RB5_INTERRUPTHANDLERHIGH                    bssCOMRAM    00001D
_RB5_INTERRUPTHANDLERLOW                     bssCOMRAM    00001B
_RB5_ISR                                     text17       001970
_RB6_F                                       dataCOMRAM   000072
_RB6_INTERRUPTHANDLERHIGH                    bssCOMRAM    000019
_RB6_INTERRUPTHANDLERLOW                     bssCOMRAM    000017
_RB6_ISR                                     text16       001956
_RB7_F                                       dataCOMRAM   000071
_RB7_INTERRUPTHANDLERHIGH                    bssCOMRAM    000015
_RB7_INTERRUPTHANDLERLOW                     bssCOMRAM    000013
_RB7_ISR                                     text15       00193C
_RCREG                                       (abs)        000FAE
_RCSTAbits                                   (abs)        000FAB
_SPBRG                                       (abs)        000FAF
_SPBRGH                                      (abs)        000FB0
_SSPADD                                      (abs)        000FC8
_SSPBUF                                      (abs)        000FC9
_SSPCON1bits                                 (abs)        000FC6
_SSPCON2bits                                 (abs)        000FC5
_SSPSTATbits                                 (abs)        000FC7
_T0CONbits                                   (abs)        000FD5
_T1CONbits                                   (abs)        000FCD
_T2CONbits                                   (abs)        000FCA
_T3CONbits                                   (abs)        000FB1
_TMR0H                                       (abs)        000FD7
_TMR0L                                       (abs)        000FD6
_TMR0_ISR                                    text14       0019B4
_TMR1H                                       (abs)        000FCF
_TMR1L                                       (abs)        000FCE
_TMR1_HANDLER                                bssCOMRAM    00000B
_TMR1_ISR                                    text13       0019A8
_TMR2                                        (abs)        000FCC
_TMR2_HANDLER                                bssCOMRAM    000009
_TMR2_ISR                                    text12       0019C8
_TMR3H                                       (abs)        000FB3
_TMR3L                                       (abs)        000FB2
_TMR3_HANDLER                                bssCOMRAM    000005
_TMR3_ISR                                    text11       00199C
_TRISA                                       (abs)        000F92
_TRISB                                       (abs)        000F93
_TRISC                                       (abs)        000F94
_TRISCbits                                   (abs)        000F94
_TRISD                                       (abs)        000F95
_TRISE                                       (abs)        000F96
_TXREG                                       (abs)        000FAD
_TXSTAbits                                   (abs)        000FAC
__HRAM                                       (abs)        000000
__H__absolute__                              __absolute__ 000000
__Habs1                                      abs1         000000
__Hbank0                                     bank0        000000
__Hbank1                                     bank1        000000
__Hbank10                                    bank10       000000
__Hbank11                                    bank11       000000
__Hbank12                                    bank12       000000
__Hbank13                                    bank13       000000
__Hbank14                                    bank14       000000
__Hbank15                                    bank15       000000
__Hbank2                                     bank2        000000
__Hbank3                                     bank3        000000
__Hbank4                                     bank4        000000
__Hbank5                                     bank5        000000
__Hbank6                                     bank6        000000
__Hbank7                                     bank7        000000
__Hbank8                                     bank8        000000
__Hbank9                                     bank9        000000
__Hbigbss                                    bigbss       000000
__Hbigdata                                   bigdata      000000
__Hbigram                                    bigram       000000
__Hbigsfr                                    bigsfr       000000
__Hbss                                       bss          000000
__HbssCOMRAM                                 bssCOMRAM    000000
__Hcinit                                     cinit        000000
__Hclrtext                                   clrtext      000000
__Hcomram                                    comram       000000
__Hconfig                                    config       30000E
__Hconst                                     const        000000
__HcstackCOMRAM                              cstackCOMRAM 000000
__Hdata                                      data         000000
__HdataBANK0                                 dataBANK0    000000
__HdataCOMRAM                                dataCOMRAM   000000
__Heeprom_data                               eeprom_data  000000
__Hfarbss                                    farbss       000000
__Hfardata                                   fardata      000000
__Hheap                                      heap         000000
__Hibigdata                                  ibigdata     000000
__Hidata                                     idata        000000
__HidataBANK0                                idataBANK0   000000
__HidataCOMRAM                               idataCOMRAM  000000
__Hidloc                                     idloc        000000
__Hifardata                                  ifardata     000000
__Hinit                                      init         000012
__Hintcode                                   intcode      00000E
__Hintcode_body                              intcode_body 000000
__Hintcodelo                                 intcodelo    00000E
__Hintentry                                  intentry     000000
__Hintret                                    intret       000000
__Hintsave_regs                              intsave_regs 000000
__Hirdata                                    irdata       000000
__Hmediumconst                               mediumconst  000000
__HnvCOMRAM                                  nvCOMRAM     000000
__HnvFARRAM                                  nvFARRAM     000000
__Hnvbit                                     nvbit        000000
__Hnvrram                                    nvrram       000000
__Hparam                                     rparam       000000
__Hpowerup                                   powerup      00000E
__Hram                                       ram          000000
__Hramtop                                    ramtop       001000
__Hrbit                                      rbit         000000
__Hrbss                                      rbss         000000
__Hrdata                                     rdata        000000
__Hreset_vec                                 reset_vec    000004
__Hrparam                                    rparam       000000
__Hsfr                                       sfr          000000
__Hsivt_hi                                   sivt_hi      000000
__Hsivt_lo                                   sivt_lo      000000
__Hsmallconst                                smallconst   001008
__Hspace_0                                   (abs)        0019F2
__Hspace_1                                   (abs)        0000A4
__Hspace_2                                   (abs)        000000
__Hspace_4                                   (abs)        60000E
__Hstack                                     stack        000000
__Hstruct                                    struct       000000
__Htemp                                      temp         000079
__Htext                                      text         000000
__Htext0                                     text0        000000
__Htext1                                     text1        000000
__Htext11                                    text11       000000
__Htext12                                    text12       000000
__Htext13                                    text13       000000
__Htext14                                    text14       000000
__Htext15                                    text15       000000
__Htext16                                    text16       000000
__Htext17                                    text17       000000
__Htext18                                    text18       000000
__Htext19                                    text19       000000
__Htext2                                     text2        000000
__Htext20                                    text20       000000
__Htext21                                    text21       000000
__Htext22                                    text22       000000
__Htext23                                    text23       000000
__Htext24                                    text24       000000
__Htext25                                    text25       000000
__Htext26                                    text26       000000
__Htext27                                    text27       000000
__Htext3                                     text3        000000
__Htext4                                     text4        000000
__Htext5                                     text5        000000
__Htext6                                     text6        000000
__Htext7                                     text7        000000
__Htext8                                     text8        000000
__Htext9                                     text9        000000
__LRAM                                       (abs)        000001
__L__absolute__                              __absolute__ 000000
__Labs1                                      abs1         000000
__Lbank0                                     bank0        000000
__Lbank1                                     bank1        000000
__Lbank10                                    bank10       000000
__Lbank11                                    bank11       000000
__Lbank12                                    bank12       000000
__Lbank13                                    bank13       000000
__Lbank14                                    bank14       000000
__Lbank15                                    bank15       000000
__Lbank2                                     bank2        000000
__Lbank3                                     bank3        000000
__Lbank4                                     bank4        000000
__Lbank5                                     bank5        000000
__Lbank6                                     bank6        000000
__Lbank7                                     bank7        000000
__Lbank8                                     bank8        000000
__Lbank9                                     bank9        000000
__Lbigbss                                    bigbss       000000
__Lbigdata                                   bigdata      000000
__Lbigram                                    bigram       000000
__Lbigsfr                                    bigsfr       000000
__Lbss                                       bss          000000
__LbssCOMRAM                                 bssCOMRAM    000000
__Lcinit                                     cinit        000000
__Lclrtext                                   clrtext      000000
__Lcomram                                    comram       000000
__Lconfig                                    config       000000
__Lconst                                     const        000000
__LcstackCOMRAM                              cstackCOMRAM 000000
__Ldata                                      data         000000
__LdataBANK0                                 dataBANK0    000000
__LdataCOMRAM                                dataCOMRAM   000000
__Leeprom_data                               eeprom_data  000000
__Lfarbss                                    farbss       000000
__Lfardata                                   fardata      000000
__Lheap                                      heap         000000
__Libigdata                                  ibigdata     000000
__Lidata                                     idata        000000
__LidataBANK0                                idataBANK0   000000
__LidataCOMRAM                               idataCOMRAM  000000
__Lidloc                                     idloc        000000
__Lifardata                                  ifardata     000000
__Linit                                      init         00000E
__Lintcode                                   intcode      000008
__Lintcode_body                              intcode_body 000000
__Lintcodelo                                 intcodelo    00000E
__Lintentry                                  intentry     000000
__Lintret                                    intret       000000
__Lintsave_regs                              intsave_regs 000000
__Lirdata                                    irdata       000000
__Lmediumconst                               mediumconst  000000
__LnvCOMRAM                                  nvCOMRAM     000000
__LnvFARRAM                                  nvFARRAM     000000
__Lnvbit                                     nvbit        000000
__Lnvrram                                    nvrram       000000
__Lparam                                     rparam       000000
__Lpowerup                                   powerup      00000E
__Lram                                       ram          000000
__Lramtop                                    ramtop       001000
__Lrbit                                      rbit         000000
__Lrbss                                      rbss         000000
__Lrdata                                     rdata        000000
__Lreset_vec                                 reset_vec    000000
__Lrparam                                    rparam       000000
__Lsfr                                       sfr          000000
__Lsivt_hi                                   sivt_hi      000000
__Lsivt_lo                                   sivt_lo      000000
__Lsmallconst                                smallconst   001000
__Lspace_0                                   (abs)        000000
__Lspace_1                                   (abs)        000000
__Lspace_2                                   (abs)        000000
__Lspace_4                                   (abs)        000000
__Lstack                                     stack        000000
__Lstruct                                    struct       000000
__Ltemp                                      temp         000078
__Ltext                                      text         000000
__Ltext0                                     text0        000000
__Ltext1                                     text1        000000
__Ltext11                                    text11       000000
__Ltext12                                    text12       000000
__Ltext13                                    text13       000000
__Ltext14                                    text14       000000
__Ltext15                                    text15       000000
__Ltext16                                    text16       000000
__Ltext17                                    text17       000000
__Ltext18                                    text18       000000
__Ltext19                                    text19       000000
__Ltext2                                     text2        000000
__Ltext20                                    text20       000000
__Ltext21                                    text21       000000
__Ltext22                                    text22       000000
__Ltext23                                    text23       000000
__Ltext24                                    text24       000000
__Ltext25                                    text25       000000
__Ltext26                                    text26       000000
__Ltext27                                    text27       000000
__Ltext3                                     text3        000000
__Ltext4                                     text4        000000
__Ltext5                                     text5        000000
__Ltext6                                     text6        000000
__Ltext7                                     text7        000000
__Ltext8                                     text8        000000
__Ltext9                                     text9        000000
__S0                                         (abs)        0019F2
__S1                                         (abs)        0000A4
__S4                                         (abs)        000000
__S5                                         (abs)        000000
___aldiv                                     text8        00154C
___aldiv@counter                             cstackCOMRAM 00005B
___aldiv@dividend                            cstackCOMRAM 000053
___aldiv@divisor                             cstackCOMRAM 000057
___aldiv@quotient                            cstackCOMRAM 00005D
___aldiv@sign                                cstackCOMRAM 00005C
___heap_hi                                   (abs)        000000
___heap_lo                                   (abs)        000000
___inthi_sp                                  stack        000000
___inthi_stack_hi                            stack        000000
___inthi_stack_lo                            stack        000000
___intlo_sp                                  stack        000000
___intlo_stack_hi                            stack        000000
___intlo_stack_lo                            stack        000000
___param_bank                                (abs)        000000
___rparam_used                               (abs)        000001
___sp                                        stack        000000
___stack_hi                                  stack        000000
___stack_lo                                  stack        000000
__accesstop                                  (abs)        000080
__activetblptr                               (abs)        000003
__end_of_CCP1_ISR                            text27       0019EE
__end_of_CCP2_ISR                            text26       0019EA
__end_of_EUSART_RX_ISR                       text25       0019F2
__end_of_EUSART_TX_ISR                       text24       0019E6
__end_of_Ecu_initialize                      text6        0019F0
__end_of_INT0_ISR                            text23       0019E2
__end_of_INT1_ISR                            text22       0019DE
__end_of_INT2_ISR                            text21       0019DA
__end_of_InterruptMangaer                    intcode_body 0013BE
__end_of_MSSP_I2C_INIT                       text7        00154C
__end_of_MSSP_I2C_ISR                        text19       0018FC
__end_of_MSSP_I2C_Interrupt_Configurations   text9        001862
__end_of_MSSP_I2C_MASTER_WRITE_BLOCKING      text4        001820
__end_of_MSSP_I2C_SEND_START                 text3        0018CE
__end_of_MSSP_I2C_SEND_STOP                  text2        001898
__end_of_RB4_ISR                             text18       00193C
__end_of_RB5_ISR                             text17       00198A
__end_of_RB6_ISR                             text16       001970
__end_of_RB7_ISR                             text15       001956
__end_of_TMR0_ISR                            text14       0019C0
__end_of_TMR1_ISR                            text13       0019B4
__end_of_TMR2_ISR                            text12       0019D0
__end_of_TMR3_ISR                            text11       0019A8
__end_of___aldiv                             text8        001658
__end_of__initialization                     cinit        001776
__end_of_application_initialize              text5        0019C8
__end_of_isr                                 text20       0019D6
__end_of_main                                text0        00172A
__end_of_send_i2c                            text1        0017D2
__initialization                             cinit        00172A
__mediumconst                                mediumconst  000000
__pbssCOMRAM                                 bssCOMRAM    000001
__pcinit                                     cinit        00172A
__pcstackCOMRAM                              cstackCOMRAM 000050
__pdataBANK0                                 dataBANK0    000080
__pdataCOMRAM                                dataCOMRAM   000066
__pidataBANK0                                idataBANK0   0018FC
__pidataCOMRAM                               idataCOMRAM  00198A
__pintcode                                   intcode      000008
__pintcode_body                              intcode_body 001008
__pnvCOMRAM                                  nvCOMRAM     000077
__psmallconst                                smallconst   001000
__ptext0                                     text0        001658
__ptext1                                     text1        001780
__ptext11                                    text11       00199C
__ptext12                                    text12       0019C8
__ptext13                                    text13       0019A8
__ptext14                                    text14       0019B4
__ptext15                                    text15       00193C
__ptext16                                    text16       001956
__ptext17                                    text17       001970
__ptext18                                    text18       001920
__ptext19                                    text19       0018CE
__ptext2                                     text2        001862
__ptext20                                    text20       0019D0
__ptext21                                    text21       0019D6
__ptext22                                    text22       0019DA
__ptext23                                    text23       0019DE
__ptext24                                    text24       0019E2
__ptext25                                    text25       0019F0
__ptext26                                    text26       0019E6
__ptext27                                    text27       0019EA
__ptext3                                     text3        001898
__ptext4                                     text4        0017D2
__ptext5                                     text5        0019C0
__ptext6                                     text6        0019EE
__ptext7                                     text7        0013BE
__ptext8                                     text8        00154C
__ptext9                                     text9        001820
__ramtop                                     ramtop       001000
__smallconst                                 smallconst   001000
_ack                                         bssCOMRAM    00004F
_application_initialize                      text5        0019C0
_ch                                          dataCOMRAM   000070
_chara                                       bssCOMRAM    00003B
_i2c                                         bssCOMRAM    000044
_isr                                         text20       0019D0
_keypad_values                               dataBANK0    000080
_lat_registers                               dataBANK0    00009A
_led1                                        dataCOMRAM   000076
_led2                                        dataCOMRAM   000075
_main                                        text0        001658
_port_registers                              dataBANK0    000090
_preload                                     bssCOMRAM    00000F
_preval                                      bssCOMRAM    00000D
_preval@hal_timer2$F3712                     bssCOMRAM    00003C
_preval@hal_timer3$F3849                     bssCOMRAM    000007
_ret                                         nvCOMRAM     000077
_send_i2c                                    text1        001780
_slave1                                      bssCOMRAM    000001
_slave2                                      bssCOMRAM    000003
_tris_registers                              dataCOMRAM   000066
btemp                                        temp         000078
end_of_initialization                        cinit        001776
int$flags                                    temp         000078
int_func                                     intcode_body 001008
intlevel0                                    text         000000
intlevel1                                    text         000000
intlevel2                                    text         000000
intlevel3                                    text         000000
isa$std                                      (abs)        000001
isa$xinst                                    (abs)        000000
led_initialize@F3062                         bssCOMRAM    000043
led_turn_off@F3072                           bssCOMRAM    000041
led_turn_on@F3067                            bssCOMRAM    000042
led_turn_toggle@F3077                        bssCOMRAM    000040
relay_initialization@F3055                   bssCOMRAM    00003F
relay_turn_off@F3065                         bssCOMRAM    00003D
relay_turn_on@F3060                          bssCOMRAM    00003E
send_i2c@add                                 cstackCOMRAM 000057
send_i2c@data                                cstackCOMRAM 000058
send_i2c@i2c                                 cstackCOMRAM 000056
stackhi                                      (abs)        000000
stacklo                                      (abs)        000000
start                                        init         00000E
start_initialization                         cinit        00172A
ttemp5                                       temp         000079
ttemp6                                       temp         00007C
ttemp7                                       temp         000080
wtemp8                                       temp         000079


MODULE INFORMATION

Module		Function		Class		Link	Load	Size
MCAL_Layer/ESUART/hal_usart.c
		_EUSART_RX_ISR 		CODE           	19F0	0000	2
		_EUSART_TX_ISR 		CODE           	19E2	0000	4

MCAL_Layer/ESUART/hal_usart.c estimated size: 6

MCAL_Layer/TIMERS/TIMER0/hal_timer0.c
		_TMR0_ISR      		CODE           	19B4	0000	12

MCAL_Layer/TIMERS/TIMER0/hal_timer0.c estimated size: 12

C:\Program Files\Microchip\xc8\v2.46\pic\sources\c99\common\aldiv.c
		___aldiv       		CODE           	154C	0000	268

C:\Program Files\Microchip\xc8\v2.46\pic\sources\c99\common\aldiv.c estimated size: 268

ECU_Layer/ECU_LAYER.c
		_Ecu_initialize		CODE           	19EE	0000	2

ECU_Layer/ECU_LAYER.c estimated size: 2

MCAL_Layer/I2C/hal_i2c.c
		_MSSP_I2C_ISR  		CODE           	18CE	0000	46
		_MSSP_I2C_INIT 		CODE           	13BE	0000	398
		_MSSP_I2C_MASTER_WRITE_BLOCKING		CODE           	17D2	0000	78
		_MSSP_I2C_Interrupt_Configurations		CODE           	1820	0000	66
		_MSSP_I2C_SEND_STOP		CODE           	1862	0000	54
		_MSSP_I2C_SEND_START		CODE           	1898	0000	54

MCAL_Layer/I2C/hal_i2c.c estimated size: 696

MCAL_Layer/CCP/hal_cpp.c
		_CCP1_ISR      		CODE           	19EA	0000	4
		_CCP2_ISR      		CODE           	19E6	0000	4

MCAL_Layer/CCP/hal_cpp.c estimated size: 8

shared
		__initialization		CODE           	172A	0000	76

shared estimated size: 76

MCAL_Layer/Interrupt/mcal_external_interrupt.c
		_RB4_ISR       		CODE           	1920	0000	28
		_RB5_ISR       		CODE           	1970	0000	26
		_RB6_ISR       		CODE           	1956	0000	26
		_RB7_ISR       		CODE           	193C	0000	26
		_INT0_ISR      		CODE           	19DE	0000	4
		_INT1_ISR      		CODE           	19DA	0000	4
		_INT2_ISR      		CODE           	19D6	0000	4

MCAL_Layer/Interrupt/mcal_external_interrupt.c estimated size: 118

MCAL_Layer/Interrupt/mcal_interrupt_manager.c
		_InterruptMangaer		CODE           	0008	0000	956

MCAL_Layer/Interrupt/mcal_interrupt_manager.c estimated size: 956

MCAL_Layer/TIMERS/TIMER3/hal_timer3.c
		_TMR3_ISR      		CODE           	199C	0000	12

MCAL_Layer/TIMERS/TIMER3/hal_timer3.c estimated size: 12

MCAL_Layer/TIMERS/TIMER2/hal_timer2.c
		_TMR2_ISR      		CODE           	19C8	0000	8

MCAL_Layer/TIMERS/TIMER2/hal_timer2.c estimated size: 8

MCAL_Layer/TIMERS/TIMER1/hal_timer1.c
		_TMR1_ISR      		CODE           	19A8	0000	12

MCAL_Layer/TIMERS/TIMER1/hal_timer1.c estimated size: 12

application.c
		_application_initialize		CODE           	19C0	0000	8
		_main          		CODE           	1658	0000	210
		_isr           		CODE           	19D0	0000	6
		_send_i2c      		CODE           	1780	0000	82

application.c estimated size: 306

